192.168.1.10 - bob [12/Apr/2026:12:23:18 +0000] "GET /login HTTP/1.1" 200 28620 "https://example.com" "curl/7.68.0"
198.51.100.1 - carol [01/May/2026:15:42:06 +0000] "GET /api/v1/orders HTTP/1.1" 200 15169 "https://example.com" "curl/7.68.0"
10.0.0.22 - alice [19/Apr/2026:21:15:32 +0000] "GET /wp-login.php HTTP/1.1" 400 24788 "https://example.com" "python-requests/2.25.1"
185.220.101.5 - dave [11/May/2026:02:49:22 +0000] "GET /admin HTTP/1.1" 400 45403 "https://example.com" "Mozilla/5.0"
45.33.32.156 - carol [30/Apr/2026:18:17:48 +0000] "GET /index.html HTTP/1.1" 200 45760 "https://example.com" "Mozilla/5.0"
203.0.113.77 - carol [21/Apr/2026:18:10:31 +0000] "GET /login HTTP/1.1" 200 27648 "https://example.com" "Mozilla/5.0"
185.220.101.5 - dave [09/May/2026:12:45:14 +0000] "GET /.env HTTP/1.1" 401 17435 "https://example.com" "curl/7.68.0"
198.51.100.1 - carol [03/May/2026:16:50:29 +0000] "GET /index.html HTTP/1.1" 301 21866 "https://example.com" "curl/7.68.0"
192.168.1.10 - - [21/Apr/2026:18:54:57 +0000] "GET /dashboard HTTP/1.1" 301 9974 "https://example.com" "Mozilla/5.0"
185.220.101.5 - - [18/Apr/2026:22:46:07 +0000] "GET /index.html HTTP/1.1" 301 19600 "https://example.com" "python-requests/2.25.1"
80.82.77.33 - - [09/May/2026:15:58:02 +0000] "GET /api/v1/users HTTP/1.1" 200 28118 "https://example.com" "Mozilla/5.0"
192.168.1.15 - - [12/May/2026:17:10:23 +0000] "GET /wp-login.php HTTP/1.1" 500 40950 "https://example.com" "python-requests/2.25.1"
192.168.1.15 - bob [16/Apr/2026:11:41:57 +0000] "GET /api/v1/orders HTTP/1.1" 200 25478 "https://example.com" "Wget/1.21.1"
45.33.32.156 - alice [09/May/2026:17:08:18 +0000] "GET /.env HTTP/1.1" 400 27464 "https://example.com" "Wget/1.21.1"
103.21.244.0 - carol [07/May/2026:02:28:15 +0000] "GET / HTTP/1.1" 200 31859 "https://example.com" "Wget/1.21.1"
192.168.1.15 - carol [28/Apr/2026:20:48:48 +0000] "GET / HTTP/1.1" 200 44098 "https://example.com" "python-requests/2.25.1"
185.220.101.5 - dave [19/Apr/2026:23:13:58 +0000] "GET /dashboard HTTP/1.1" 200 31783 "https://example.com" "python-requests/2.25.1"
45.33.32.156 - alice [16/Apr/2026:03:55:25 +0000] "GET /.env HTTP/1.1" 500 32695 "https://example.com" "curl/7.68.0"
192.168.1.15 - carol [02/May/2026:14:31:47 +0000] "GET /.env HTTP/1.1" 500 26629 "https://example.com" "curl/7.68.0"
192.168.1.15 - carol [28/Apr/2026:03:24:59 +0000] "GET /api/v1/orders HTTP/1.1" 200 7979 "https://example.com" "Wget/1.21.1"
192.168.1.10 - - [30/Apr/2026:08:50:29 +0000] "GET / HTTP/1.1" 200 33514 "https://example.com" "curl/7.68.0"
80.82.77.33 - bob [01/May/2026:20:00:50 +0000] "GET /api/v1/users HTTP/1.1" 301 47166 "https://example.com" "python-requests/2.25.1"
80.82.77.33 - - [09/May/2026:00:39:04 +0000] "GET /dashboard HTTP/1.1" 200 36093 "https://example.com" "python-requests/2.25.1"
192.168.1.15 - - [14/Apr/2026:16:21:56 +0000] "GET /dashboard HTTP/1.1" 301 7209 "https://example.com" "python-requests/2.25.1"
103.21.244.0 - alice [06/May/2026:17:53:10 +0000] "GET /api/v1/orders HTTP/1.1" 200 47175 "https://example.com" "python-requests/2.25.1"
192.168.1.15 - carol [11/May/2026:00:59:21 +0000] "GET /api/v1/orders HTTP/1.1" 301 43352 "https://example.com" "curl/7.68.0"
80.82.77.33 - - [25/Apr/2026:22:49:29 +0000] "GET /login HTTP/1.1" 301 33514 "https://example.com" "curl/7.68.0"
103.21.244.0 - alice [19/Apr/2026:17:46:40 +0000] "GET /login HTTP/1.1" 200 33237 "https://example.com" "Wget/1.21.1"
45.33.32.156 - dave [12/Apr/2026:23:04:49 +0000] "GET /api/v1/users HTTP/1.1" 200 29877 "https://example.com" "curl/7.68.0"
10.0.0.22 - carol [22/Apr/2026:22:56:17 +0000] "GET /dashboard HTTP/1.1" 200 46853 "https://example.com" "curl/7.68.0"
172.16.5.4 - alice [22/Apr/2026:23:34:21 +0000] "GET /dashboard HTTP/1.1" 200 46756 "https://example.com" "curl/7.68.0"
185.220.101.5 - dave [20/Apr/2026:01:32:19 +0000] "GET /wp-login.php HTTP/1.1" 500 38394 "https://example.com" "Wget/1.21.1"
185.220.101.5 - bob [14/Apr/2026:08:02:04 +0000] "GET / HTTP/1.1" 301 9724 "https://example.com" "Mozilla/5.0"
192.168.1.10 - alice [04/May/2026:16:34:21 +0000] "GET / HTTP/1.1" 200 13569 "https://example.com" "Mozilla/5.0"
198.51.100.1 - carol [09/May/2026:01:57:21 +0000] "GET /index.html HTTP/1.1" 301 15771 "https://example.com" "python-requests/2.25.1"
192.168.1.10 - carol [30/Apr/2026:08:02:21 +0000] "GET /login HTTP/1.1" 200 1049 "https://example.com" "python-requests/2.25.1"
172.16.5.4 - dave [15/Apr/2026:06:59:50 +0000] "GET /dashboard HTTP/1.1" 200 49686 "https://example.com" "curl/7.68.0"
172.16.5.4 - bob [28/Apr/2026:16:10:00 +0000] "GET /index.html HTTP/1.1" 200 24920 "https://example.com" "Mozilla/5.0"
45.33.32.156 - bob [25/Apr/2026:13:44:54 +0000] "GET /api/v1/users HTTP/1.1" 200 21863 "https://example.com" "Wget/1.21.1"
10.0.0.22 - - [08/May/2026:11:15:01 +0000] "GET /dashboard HTTP/1.1" 200 32348 "https://example.com" "python-requests/2.25.1"
192.168.1.15 - bob [26/Apr/2026:14:41:31 +0000] "GET /phpmyadmin HTTP/1.1" 401 27458 "https://example.com" "Wget/1.21.1"
192.168.1.15 - bob [05/May/2026:15:10:43 +0000] "GET /api/v1/users HTTP/1.1" 200 49526 "https://example.com" "Wget/1.21.1"
185.220.101.5 - - [09/May/2026:00:30:36 +0000] "GET /dashboard HTTP/1.1" 200 2813 "https://example.com" "python-requests/2.25.1"
45.33.32.156 - - [30/Apr/2026:13:18:18 +0000] "GET /login HTTP/1.1" 200 33905 "https://example.com" "Wget/1.21.1"
80.82.77.33 - - [03/May/2026:01:40:44 +0000] "GET / HTTP/1.1" 200 35456 "https://example.com" "Mozilla/5.0"
192.168.1.15 - alice [21/Apr/2026:01:03:51 +0000] "GET /api/v1/orders HTTP/1.1" 200 13672 "https://example.com" "Wget/1.21.1"
192.168.1.15 - alice [12/May/2026:07:07:43 +0000] "GET /admin HTTP/1.1" 400 11864 "https://example.com" "python-requests/2.25.1"
185.220.101.5 - - [24/Apr/2026:13:54:48 +0000] "GET /api/v1/orders HTTP/1.1" 301 28578 "https://example.com" "python-requests/2.25.1"
192.168.1.10 - carol [21/Apr/2026:18:19:04 +0000] "GET /login HTTP/1.1" 200 49742 "https://example.com" "Mozilla/5.0"
192.168.1.15 - bob [13/Apr/2026:05:46:46 +0000] "GET /api/v1/users HTTP/1.1" 200 18649 "https://example.com" "Wget/1.21.1"
45.33.32.156 - carol [16/Apr/2026:00:51:34 +0000] "GET /.env HTTP/1.1" 401 49139 "https://example.com" "Wget/1.21.1"
185.220.101.5 - bob [12/Apr/2026:01:43:45 +0000] "GET /dashboard HTTP/1.1" 200 930 "https://example.com" "curl/7.68.0"
192.168.1.15 - - [12/May/2026:03:14:39 +0000] "GET / HTTP/1.1" 200 13966 "https://example.com" "python-requests/2.25.1"
172.16.5.4 - carol [14/Apr/2026:00:58:32 +0000] "GET /.env HTTP/1.1" 401 40628 "https://example.com" "python-requests/2.25.1"
172.16.5.4 - - [07/May/2026:00:01:28 +0000] "GET /login HTTP/1.1" 301 42449 "https://example.com" "Mozilla/5.0"
203.0.113.77 - - [04/May/2026:18:40:18 +0000] "GET /api/v1/users HTTP/1.1" 200 8602 "https://example.com" "curl/7.68.0"
192.168.1.15 - bob [23/Apr/2026:18:55:52 +0000] "GET /api/v1/orders HTTP/1.1" 200 40592 "https://example.com" "python-requests/2.25.1"
103.21.244.0 - alice [24/Apr/2026:03:29:13 +0000] "GET /api/v1/orders HTTP/1.1" 200 516 "https://example.com" "python-requests/2.25.1"
172.16.5.4 - alice [19/Apr/2026:22:11:37 +0000] "GET /api/v1/users HTTP/1.1" 200 44736 "https://example.com" "python-requests/2.25.1"
80.82.77.33 - carol [28/Apr/2026:10:03:45 +0000] "GET / HTTP/1.1" 200 42506 "https://example.com" "Mozilla/5.0"
203.0.113.77 - alice [14/Apr/2026:04:40:48 +0000] "GET /dashboard HTTP/1.1" 200 47872 "https://example.com" "Mozilla/5.0"
192.168.1.10 - dave [22/Apr/2026:21:00:27 +0000] "GET /login HTTP/1.1" 200 2602 "https://example.com" "python-requests/2.25.1"
185.220.101.5 - dave [27/Apr/2026:01:03:55 +0000] "GET /index.html HTTP/1.1" 200 8974 "https://example.com" "Wget/1.21.1"
185.220.101.5 - dave [10/May/2026:09:29:32 +0000] "GET /.env HTTP/1.1" 401 49824 "https://example.com" "curl/7.68.0"
80.82.77.33 - alice [07/May/2026:03:16:22 +0000] "GET /index.html HTTP/1.1" 301 23714 "https://example.com" "Mozilla/5.0"
172.16.5.4 - carol [05/May/2026:19:36:41 +0000] "GET /dashboard HTTP/1.1" 200 34140 "https://example.com" "python-requests/2.25.1"
45.33.32.156 - carol [13/Apr/2026:06:57:02 +0000] "GET /wp-login.php HTTP/1.1" 400 46320 "https://example.com" "python-requests/2.25.1"
203.0.113.77 - dave [25/Apr/2026:03:41:40 +0000] "GET /api/v1/users HTTP/1.1" 200 34060 "https://example.com" "python-requests/2.25.1"
45.33.32.156 - alice [26/Apr/2026:09:30:12 +0000] "GET /api/v1/orders HTTP/1.1" 301 39797 "https://example.com" "Mozilla/5.0"
185.220.101.5 - alice [28/Apr/2026:16:39:00 +0000] "GET /api/v1/users HTTP/1.1" 200 10046 "https://example.com" "curl/7.68.0"
10.0.0.22 - bob [22/Apr/2026:23:00:57 +0000] "GET /api/v1/orders HTTP/1.1" 200 47402 "https://example.com" "Mozilla/5.0"
80.82.77.33 - carol [27/Apr/2026:15:15:54 +0000] "GET /api/v1/orders HTTP/1.1" 200 16169 "https://example.com" "Mozilla/5.0"
10.0.0.22 - dave [24/Apr/2026:16:44:24 +0000] "GET /login HTTP/1.1" 200 3864 "https://example.com" "curl/7.68.0"
203.0.113.77 - alice [26/Apr/2026:09:14:28 +0000] "GET /dashboard HTTP/1.1" 200 5819 "https://example.com" "curl/7.68.0"
80.82.77.33 - dave [27/Apr/2026:06:42:50 +0000] "GET /login HTTP/1.1" 200 38384 "https://example.com" "curl/7.68.0"
103.21.244.0 - dave [04/May/2026:16:06:21 +0000] "GET /api/v1/orders HTTP/1.1" 200 15261 "https://example.com" "Wget/1.21.1"
45.33.32.156 - alice [09/May/2026:21:40:31 +0000] "GET /login HTTP/1.1" 301 10001 "https://example.com" "Mozilla/5.0"
10.0.0.22 - carol [14/Apr/2026:02:15:02 +0000] "GET /login HTTP/1.1" 200 6307 "https://example.com" "Wget/1.21.1"
10.0.0.22 - dave [25/Apr/2026:20:55:15 +0000] "GET /api/v1/orders HTTP/1.1" 301 24473 "https://example.com" "Mozilla/5.0"
185.220.101.5 - carol [05/May/2026:06:02:15 +0000] "GET /login HTTP/1.1" 200 28084 "https://example.com" "curl/7.68.0"
203.0.113.77 - carol [18/Apr/2026:13:54:10 +0000] "GET /phpmyadmin HTTP/1.1" 500 17095 "https://example.com" "curl/7.68.0"
192.168.1.10 - - [24/Apr/2026:05:45:31 +0000] "GET /.env HTTP/1.1" 403 26994 "https://example.com" "python-requests/2.25.1"
192.168.1.15 - alice [29/Apr/2026:01:15:48 +0000] "GET /login HTTP/1.1" 301 37206 "https://example.com" "python-requests/2.25.1"
103.21.244.0 - bob [21/Apr/2026:09:04:51 +0000] "GET /login HTTP/1.1" 301 11912 "https://example.com" "python-requests/2.25.1"
185.220.101.5 - dave [27/Apr/2026:13:33:28 +0000] "GET /dashboard HTTP/1.1" 301 48420 "https://example.com" "curl/7.68.0"
192.168.1.15 - alice [27/Apr/2026:23:42:58 +0000] "GET /api/v1/orders HTTP/1.1" 200 36282 "https://example.com" "Mozilla/5.0"
10.0.0.22 - carol [12/Apr/2026:01:52:13 +0000] "GET /.env HTTP/1.1" 500 39537 "https://example.com" "Wget/1.21.1"
192.168.1.15 - - [04/May/2026:14:29:59 +0000] "GET /dashboard HTTP/1.1" 301 26456 "https://example.com" "python-requests/2.25.1"
103.21.244.0 - - [12/Apr/2026:16:12:33 +0000] "GET /index.html HTTP/1.1" 200 12962 "https://example.com" "Mozilla/5.0"
103.21.244.0 - dave [25/Apr/2026:23:38:25 +0000] "GET /admin HTTP/1.1" 403 15879 "https://example.com" "Mozilla/5.0"
10.0.0.22 - - [04/May/2026:09:30:22 +0000] "GET /login HTTP/1.1" 200 34130 "https://example.com" "Mozilla/5.0"
192.168.1.15 - - [25/Apr/2026:12:06:11 +0000] "GET /login HTTP/1.1" 200 22972 "https://example.com" "python-requests/2.25.1"
172.16.5.4 - dave [12/Apr/2026:15:23:05 +0000] "GET / HTTP/1.1" 200 11671 "https://example.com" "Wget/1.21.1"
185.220.101.5 - - [25/Apr/2026:19:20:46 +0000] "GET / HTTP/1.1" 200 35452 "https://example.com" "python-requests/2.25.1"
80.82.77.33 - carol [24/Apr/2026:06:03:49 +0000] "GET /api/v1/orders HTTP/1.1" 301 38658 "https://example.com" "Mozilla/5.0"
80.82.77.33 - - [04/May/2026:19:28:24 +0000] "GET /index.html HTTP/1.1" 200 20891 "https://example.com" "Wget/1.21.1"
198.51.100.1 - dave [25/Apr/2026:21:08:11 +0000] "GET /api/v1/users HTTP/1.1" 200 26344 "https://example.com" "python-requests/2.25.1"
192.168.1.15 - dave [13/Apr/2026:16:22:44 +0000] "GET /login HTTP/1.1" 200 12178 "https://example.com" "curl/7.68.0"
80.82.77.33 - alice [04/May/2026:22:37:09 +0000] "GET /index.html HTTP/1.1" 200 16564 "https://example.com" "python-requests/2.25.1"
10.0.0.22 - - [09/May/2026:19:09:22 +0000] "GET / HTTP/1.1" 200 31807 "https://example.com" "python-requests/2.25.1"
103.21.244.0 - bob [27/Apr/2026:02:57:47 +0000] "GET /login HTTP/1.1" 200 26275 "https://example.com" "curl/7.68.0"
103.21.244.0 - alice [11/May/2026:05:01:37 +0000] "GET /login HTTP/1.1" 200 33130 "https://example.com" "python-requests/2.25.1"
45.33.32.156 - alice [28/Apr/2026:18:08:31 +0000] "GET /dashboard HTTP/1.1" 200 974 "https://example.com" "curl/7.68.0"
45.33.32.156 - dave [09/May/2026:11:29:25 +0000] "GET /index.html HTTP/1.1" 200 15741 "https://example.com" "python-requests/2.25.1"
80.82.77.33 - dave [02/May/2026:10:41:33 +0000] "GET /api/v1/orders HTTP/1.1" 200 24125 "https://example.com" "Wget/1.21.1"
203.0.113.77 - carol [07/May/2026:03:44:28 +0000] "GET / HTTP/1.1" 200 15653 "https://example.com" "Wget/1.21.1"
45.33.32.156 - alice [07/May/2026:22:43:34 +0000] "GET /index.html HTTP/1.1" 301 32941 "https://example.com" "curl/7.68.0"
185.220.101.5 - dave [19/Apr/2026:11:02:33 +0000] "GET /login HTTP/1.1" 200 26309 "https://example.com" "Mozilla/5.0"
10.0.0.22 - - [06/May/2026:13:22:11 +0000] "GET /api/v1/orders HTTP/1.1" 200 17224 "https://example.com" "python-requests/2.25.1"
198.51.100.1 - dave [25/Apr/2026:13:31:03 +0000] "GET /api/v1/users HTTP/1.1" 200 38004 "https://example.com" "curl/7.68.0"
203.0.113.77 - bob [02/May/2026:00:20:33 +0000] "GET /api/v1/orders HTTP/1.1" 200 25173 "https://example.com" "python-requests/2.25.1"
80.82.77.33 - alice [15/Apr/2026:16:12:13 +0000] "GET /api/v1/orders HTTP/1.1" 301 4875 "https://example.com" "Mozilla/5.0"
10.0.0.22 - bob [05/May/2026:11:32:23 +0000] "GET /api/v1/users HTTP/1.1" 301 17976 "https://example.com" "Wget/1.21.1"
198.51.100.1 - dave [26/Apr/2026:07:26:54 +0000] "GET / HTTP/1.1" 200 47895 "https://example.com" "curl/7.68.0"
203.0.113.77 - - [06/May/2026:16:27:58 +0000] "GET /../etc/passwd HTTP/1.1" 400 1927 "https://example.com" "Wget/1.21.1"
185.220.101.5 - - [09/May/2026:13:13:55 +0000] "GET /../etc/passwd HTTP/1.1" 403 15231 "https://example.com" "curl/7.68.0"
203.0.113.77 - carol [22/Apr/2026:17:44:31 +0000] "GET / HTTP/1.1" 200 43686 "https://example.com" "python-requests/2.25.1"
198.51.100.1 - carol [28/Apr/2026:03:53:47 +0000] "GET /index.html HTTP/1.1" 200 38920 "https://example.com" "Wget/1.21.1"
103.21.244.0 - carol [26/Apr/2026:01:12:30 +0000] "GET /api/v1/users HTTP/1.1" 301 35567 "https://example.com" "curl/7.68.0"
192.168.1.15 - carol [03/May/2026:10:26:48 +0000] "GET /admin HTTP/1.1" 400 34496 "https://example.com" "curl/7.68.0"
198.51.100.1 - bob [27/Apr/2026:04:52:20 +0000] "GET /api/v1/orders HTTP/1.1" 200 798 "https://example.com" "Wget/1.21.1"
203.0.113.77 - dave [05/May/2026:21:17:41 +0000] "GET /login HTTP/1.1" 301 26070 "https://example.com" "curl/7.68.0"
10.0.0.22 - carol [16/Apr/2026:09:38:48 +0000] "GET /.env HTTP/1.1" 403 18856 "https://example.com" "python-requests/2.25.1"
45.33.32.156 - alice [15/Apr/2026:19:41:56 +0000] "GET /dashboard HTTP/1.1" 301 40683 "https://example.com" "Wget/1.21.1"
203.0.113.77 - dave [27/Apr/2026:15:33:03 +0000] "GET /phpmyadmin HTTP/1.1" 400 12385 "https://example.com" "Mozilla/5.0"
203.0.113.77 - bob [07/May/2026:23:24:18 +0000] "GET /admin HTTP/1.1" 401 1165 "https://example.com" "Wget/1.21.1"
172.16.5.4 - bob [29/Apr/2026:12:02:13 +0000] "GET /api/v1/users HTTP/1.1" 301 45874 "https://example.com" "Mozilla/5.0"
198.51.100.1 - - [16/Apr/2026:17:49:47 +0000] "GET / HTTP/1.1" 301 12101 "https://example.com" "curl/7.68.0"
203.0.113.77 - carol [16/Apr/2026:21:45:15 +0000] "GET /api/v1/orders HTTP/1.1" 301 16398 "https://example.com" "Mozilla/5.0"
172.16.5.4 - carol [19/Apr/2026:18:19:22 +0000] "GET /api/v1/orders HTTP/1.1" 301 44859 "https://example.com" "python-requests/2.25.1"
198.51.100.1 - alice [21/Apr/2026:22:50:17 +0000] "GET /login HTTP/1.1" 200 16801 "https://example.com" "Wget/1.21.1"
203.0.113.77 - alice [01/May/2026:19:57:22 +0000] "GET / HTTP/1.1" 200 41678 "https://example.com" "Wget/1.21.1"
198.51.100.1 - - [07/May/2026:13:15:57 +0000] "GET /index.html HTTP/1.1" 200 2952 "https://example.com" "Wget/1.21.1"
103.21.244.0 - alice [01/May/2026:19:37:54 +0000] "GET /dashboard HTTP/1.1" 200 49978 "https://example.com" "Mozilla/5.0"
192.168.1.10 - bob [22/Apr/2026:17:08:30 +0000] "GET /index.html HTTP/1.1" 301 15448 "https://example.com" "python-requests/2.25.1"
185.220.101.5 - bob [17/Apr/2026:07:06:52 +0000] "GET /../etc/passwd HTTP/1.1" 403 47674 "https://example.com" "curl/7.68.0"
203.0.113.77 - - [26/Apr/2026:23:24:29 +0000] "GET /dashboard HTTP/1.1" 301 12637 "https://example.com" "curl/7.68.0"
185.220.101.5 - bob [01/May/2026:22:23:47 +0000] "GET /login HTTP/1.1" 200 4713 "https://example.com" "curl/7.68.0"
80.82.77.33 - bob [16/Apr/2026:13:18:41 +0000] "GET /dashboard HTTP/1.1" 301 48280 "https://example.com" "curl/7.68.0"
192.168.1.10 - dave [15/Apr/2026:10:03:25 +0000] "GET /dashboard HTTP/1.1" 200 43341 "https://example.com" "Wget/1.21.1"
172.16.5.4 - dave [21/Apr/2026:06:03:29 +0000] "GET /wp-login.php HTTP/1.1" 403 27056 "https://example.com" "python-requests/2.25.1"
192.168.1.15 - - [26/Apr/2026:00:49:02 +0000] "GET /index.html HTTP/1.1" 200 2249 "https://example.com" "curl/7.68.0"
192.168.1.15 - carol [06/May/2026:18:50:28 +0000] "GET /api/v1/orders HTTP/1.1" 301 34660 "https://example.com" "python-requests/2.25.1"
192.168.1.10 - bob [05/May/2026:02:08:00 +0000] "GET /.env HTTP/1.1" 500 5440 "https://example.com" "Wget/1.21.1"
192.168.1.10 - bob [24/Apr/2026:21:56:38 +0000] "GET /dashboard HTTP/1.1" 200 40631 "https://example.com" "python-requests/2.25.1"
185.220.101.5 - - [19/Apr/2026:18:59:45 +0000] "GET /.env HTTP/1.1" 400 6833 "https://example.com" "curl/7.68.0"
185.220.101.5 - carol [06/May/2026:15:19:22 +0000] "GET /dashboard HTTP/1.1" 200 36796 "https://example.com" "Wget/1.21.1"
192.168.1.15 - dave [01/May/2026:00:23:20 +0000] "GET / HTTP/1.1" 200 12022 "https://example.com" "Wget/1.21.1"
185.220.101.5 - bob [21/Apr/2026:16:18:26 +0000] "GET /api/v1/users HTTP/1.1" 200 36250 "https://example.com" "python-requests/2.25.1"
198.51.100.1 - carol [18/Apr/2026:01:25:12 +0000] "GET /login HTTP/1.1" 200 37106 "https://example.com" "curl/7.68.0"
45.33.32.156 - dave [12/Apr/2026:22:36:41 +0000] "GET /api/v1/orders HTTP/1.1" 301 212 "https://example.com" "Mozilla/5.0"
203.0.113.77 - dave [12/May/2026:05:44:08 +0000] "GET /api/v1/users HTTP/1.1" 200 14278 "https://example.com" "python-requests/2.25.1"
192.168.1.10 - bob [13/Apr/2026:04:20:29 +0000] "GET /login HTTP/1.1" 200 6379 "https://example.com" "Mozilla/5.0"
80.82.77.33 - bob [08/May/2026:17:36:41 +0000] "GET /index.html HTTP/1.1" 200 16993 "https://example.com" "python-requests/2.25.1"
192.168.1.15 - dave [30/Apr/2026:02:54:51 +0000] "GET /dashboard HTTP/1.1" 200 31823 "https://example.com" "curl/7.68.0"
80.82.77.33 - dave [16/Apr/2026:18:14:23 +0000] "GET /dashboard HTTP/1.1" 301 5343 "https://example.com" "Mozilla/5.0"
198.51.100.1 - bob [14/Apr/2026:08:26:05 +0000] "GET /index.html HTTP/1.1" 200 41742 "https://example.com" "Wget/1.21.1"
192.168.1.10 - bob [26/Apr/2026:20:32:30 +0000] "GET /api/v1/users HTTP/1.1" 200 10239 "https://example.com" "Mozilla/5.0"
45.33.32.156 - carol [18/Apr/2026:02:16:32 +0000] "GET /../etc/passwd HTTP/1.1" 403 26042 "https://example.com" "curl/7.68.0"
10.0.0.22 - bob [10/May/2026:06:16:17 +0000] "GET /../etc/passwd HTTP/1.1" 403 5775 "https://example.com" "Wget/1.21.1"
185.220.101.5 - carol [17/Apr/2026:23:44:16 +0000] "GET /phpmyadmin HTTP/1.1" 401 32172 "https://example.com" "Wget/1.21.1"
103.21.244.0 - alice [25/Apr/2026:02:05:31 +0000] "GET / HTTP/1.1" 200 28384 "https://example.com" "python-requests/2.25.1"
103.21.244.0 - - [09/May/2026:00:26:37 +0000] "GET /index.html HTTP/1.1" 200 22778 "https://example.com" "Mozilla/5.0"
203.0.113.77 - alice [01/May/2026:02:00:13 +0000] "GET /index.html HTTP/1.1" 301 3141 "https://example.com" "curl/7.68.0"
172.16.5.4 - bob [07/May/2026:21:58:59 +0000] "GET /admin HTTP/1.1" 401 40898 "https://example.com" "curl/7.68.0"
203.0.113.77 - - [01/May/2026:23:01:57 +0000] "GET /api/v1/orders HTTP/1.1" 200 21949 "https://example.com" "curl/7.68.0"
185.220.101.5 - alice [06/May/2026:04:19:16 +0000] "GET /api/v1/orders HTTP/1.1" 200 45752 "https://example.com" "Mozilla/5.0"
45.33.32.156 - dave [14/Apr/2026:00:20:02 +0000] "GET / HTTP/1.1" 200 13352 "https://example.com" "python-requests/2.25.1"
192.168.1.10 - carol [22/Apr/2026:21:48:40 +0000] "GET /dashboard HTTP/1.1" 200 7270 "https://example.com" "Mozilla/5.0"
203.0.113.77 - carol [05/May/2026:09:20:19 +0000] "GET /wp-login.php HTTP/1.1" 500 39331 "https://example.com" "Mozilla/5.0"
10.0.0.22 - alice [26/Apr/2026:07:17:05 +0000] "GET / HTTP/1.1" 200 34895 "https://example.com" "python-requests/2.25.1"
198.51.100.1 - carol [29/Apr/2026:22:43:03 +0000] "GET /api/v1/users HTTP/1.1" 200 41175 "https://example.com" "python-requests/2.25.1"
172.16.5.4 - dave [04/May/2026:20:12:48 +0000] "GET / HTTP/1.1" 200 14983 "https://example.com" "curl/7.68.0"
198.51.100.1 - carol [21/Apr/2026:17:47:18 +0000] "GET /dashboard HTTP/1.1" 200 27550 "https://example.com" "curl/7.68.0"
103.21.244.0 - alice [29/Apr/2026:11:54:26 +0000] "GET /login HTTP/1.1" 200 13750 "https://example.com" "curl/7.68.0"
103.21.244.0 - dave [21/Apr/2026:14:57:56 +0000] "GET /dashboard HTTP/1.1" 200 28384 "https://example.com" "curl/7.68.0"
103.21.244.0 - alice [02/May/2026:19:17:30 +0000] "GET / HTTP/1.1" 200 21014 "https://example.com" "curl/7.68.0"
192.168.1.10 - bob [14/Apr/2026:08:26:45 +0000] "GET /dashboard HTTP/1.1" 200 10158 "https://example.com" "curl/7.68.0"
192.168.1.15 - alice [07/May/2026:21:04:25 +0000] "GET /login HTTP/1.1" 200 39283 "https://example.com" "curl/7.68.0"
172.16.5.4 - - [01/May/2026:19:08:15 +0000] "GET /login HTTP/1.1" 301 46862 "https://example.com" "python-requests/2.25.1"
10.0.0.22 - carol [27/Apr/2026:06:44:54 +0000] "GET / HTTP/1.1" 301 1183 "https://example.com" "python-requests/2.25.1"
45.33.32.156 - alice [19/Apr/2026:00:40:16 +0000] "GET /index.html HTTP/1.1" 301 40639 "https://example.com" "Wget/1.21.1"
198.51.100.1 - carol [14/Apr/2026:14:25:39 +0000] "GET /login HTTP/1.1" 301 47399 "https://example.com" "python-requests/2.25.1"
45.33.32.156 - dave [11/Apr/2026:22:16:26 +0000] "GET /dashboard HTTP/1.1" 200 34321 "https://example.com" "Mozilla/5.0"
80.82.77.33 - carol [16/Apr/2026:19:56:49 +0000] "GET /api/v1/orders HTTP/1.1" 200 36749 "https://example.com" "Wget/1.21.1"
185.220.101.5 - - [06/May/2026:12:24:39 +0000] "GET /api/v1/users HTTP/1.1" 301 11110 "https://example.com" "Wget/1.21.1"
203.0.113.77 - dave [13/Apr/2026:20:08:31 +0000] "GET /api/v1/orders HTTP/1.1" 301 6127 "https://example.com" "Mozilla/5.0"
10.0.0.22 - dave [11/Apr/2026:23:18:56 +0000] "GET /api/v1/users HTTP/1.1" 301 1832 "https://example.com" "curl/7.68.0"
80.82.77.33 - dave [13/Apr/2026:22:55:52 +0000] "GET / HTTP/1.1" 200 21438 "https://example.com" "curl/7.68.0"
192.168.1.15 - - [08/May/2026:23:24:24 +0000] "GET /login HTTP/1.1" 301 47836 "https://example.com" "curl/7.68.0"
45.33.32.156 - dave [30/Apr/2026:20:03:54 +0000] "GET /login HTTP/1.1" 200 10824 "https://example.com" "curl/7.68.0"
