192.168.1.15 - - [19/Apr/2026:13:37:50 +0000] "GET /admin HTTP/1.1" 400 38898 "https://example.com" "Wget/1.21.1"
192.168.1.10 - - [10/May/2026:15:38:32 +0000] "GET /login HTTP/1.1" 200 47125 "https://example.com" "Wget/1.21.1"
172.16.5.4 - carol [24/Apr/2026:13:01:09 +0000] "GET /.env HTTP/1.1" 500 22498 "https://example.com" "python-requests/2.25.1"
10.0.0.22 - alice [12/Apr/2026:11:46:59 +0000] "GET /api/v1/users HTTP/1.1" 200 39765 "https://example.com" "python-requests/2.25.1"
192.168.1.10 - carol [25/Apr/2026:17:53:40 +0000] "GET /wp-login.php HTTP/1.1" 403 38037 "https://example.com" "curl/7.68.0"
192.168.1.15 - - [21/Apr/2026:14:03:46 +0000] "GET /index.html HTTP/1.1" 200 25111 "https://example.com" "python-requests/2.25.1"
80.82.77.33 - bob [07/May/2026:10:30:51 +0000] "GET /dashboard HTTP/1.1" 200 40120 "https://example.com" "curl/7.68.0"
185.220.101.5 - alice [07/May/2026:07:28:47 +0000] "GET /dashboard HTTP/1.1" 200 45066 "https://example.com" "python-requests/2.25.1"
192.168.1.10 - alice [16/Apr/2026:20:01:44 +0000] "GET / HTTP/1.1" 200 37370 "https://example.com" "python-requests/2.25.1"
172.16.5.4 - carol [30/Apr/2026:01:23:55 +0000] "GET /index.html HTTP/1.1" 200 49156 "https://example.com" "Wget/1.21.1"
103.21.244.0 - carol [01/May/2026:14:44:32 +0000] "GET / HTTP/1.1" 200 10216 "https://example.com" "curl/7.68.0"
45.33.32.156 - dave [10/May/2026:09:28:26 +0000] "GET /login HTTP/1.1" 200 36456 "https://example.com" "Mozilla/5.0"
192.168.1.15 - dave [18/Apr/2026:13:03:23 +0000] "GET /api/v1/users HTTP/1.1" 301 10565 "https://example.com" "Wget/1.21.1"
192.168.1.10 - bob [26/Apr/2026:16:20:06 +0000] "GET /wp-login.php HTTP/1.1" 401 10216 "https://example.com" "python-requests/2.25.1"
10.0.0.22 - dave [12/Apr/2026:04:55:04 +0000] "GET /api/v1/orders HTTP/1.1" 200 7531 "https://example.com" "python-requests/2.25.1"
203.0.113.77 - alice [11/May/2026:13:56:28 +0000] "GET / HTTP/1.1" 301 4735 "https://example.com" "curl/7.68.0"
10.0.0.22 - carol [12/Apr/2026:04:42:48 +0000] "GET /login HTTP/1.1" 301 14080 "https://example.com" "curl/7.68.0"
203.0.113.77 - carol [21/Apr/2026:01:29:36 +0000] "GET /api/v1/orders HTTP/1.1" 200 16446 "https://example.com" "curl/7.68.0"
192.168.1.15 - bob [12/May/2026:03:17:50 +0000] "GET / HTTP/1.1" 200 46589 "https://example.com" "Mozilla/5.0"
172.16.5.4 - - [14/Apr/2026:19:57:43 +0000] "GET /.env HTTP/1.1" 403 44042 "https://example.com" "Wget/1.21.1"
172.16.5.4 - dave [07/May/2026:21:53:08 +0000] "GET /api/v1/orders HTTP/1.1" 200 31196 "https://example.com" "Wget/1.21.1"
172.16.5.4 - - [09/May/2026:00:25:42 +0000] "GET /api/v1/orders HTTP/1.1" 200 44329 "https://example.com" "Mozilla/5.0"
192.168.1.10 - carol [19/Apr/2026:11:01:09 +0000] "GET /.env HTTP/1.1" 401 35346 "https://example.com" "Wget/1.21.1"
10.0.0.22 - carol [07/May/2026:13:23:49 +0000] "GET / HTTP/1.1" 301 36266 "https://example.com" "Mozilla/5.0"
192.168.1.10 - dave [16/Apr/2026:21:47:05 +0000] "GET /index.html HTTP/1.1" 200 26834 "https://example.com" "Wget/1.21.1"
80.82.77.33 - alice [15/Apr/2026:08:56:01 +0000] "GET /admin HTTP/1.1" 500 17580 "https://example.com" "Wget/1.21.1"
203.0.113.77 - carol [19/Apr/2026:22:02:29 +0000] "GET /api/v1/orders HTTP/1.1" 200 12645 "https://example.com" "python-requests/2.25.1"
172.16.5.4 - - [23/Apr/2026:22:19:01 +0000] "GET / HTTP/1.1" 200 38484 "https://example.com" "Wget/1.21.1"
185.220.101.5 - dave [07/May/2026:20:20:59 +0000] "GET / HTTP/1.1" 200 44450 "https://example.com" "curl/7.68.0"
45.33.32.156 - - [12/Apr/2026:03:37:27 +0000] "GET /login HTTP/1.1" 200 27674 "https://example.com" "python-requests/2.25.1"
203.0.113.77 - alice [20/Apr/2026:23:32:49 +0000] "GET /index.html HTTP/1.1" 200 30164 "https://example.com" "python-requests/2.25.1"
192.168.1.15 - - [28/Apr/2026:02:16:58 +0000] "GET /.env HTTP/1.1" 403 8880 "https://example.com" "python-requests/2.25.1"
192.168.1.15 - alice [01/May/2026:12:42:36 +0000] "GET /dashboard HTTP/1.1" 200 40286 "https://example.com" "Mozilla/5.0"
185.220.101.5 - bob [13/Apr/2026:00:46:08 +0000] "GET /admin HTTP/1.1" 400 48855 "https://example.com" "curl/7.68.0"
203.0.113.77 - bob [23/Apr/2026:15:07:43 +0000] "GET /dashboard HTTP/1.1" 200 33322 "https://example.com" "Wget/1.21.1"
203.0.113.77 - - [10/May/2026:01:25:11 +0000] "GET / HTTP/1.1" 200 8773 "https://example.com" "python-requests/2.25.1"
10.0.0.22 - carol [24/Apr/2026:23:25:29 +0000] "GET /admin HTTP/1.1" 401 35955 "https://example.com" "Mozilla/5.0"
198.51.100.1 - dave [25/Apr/2026:17:25:56 +0000] "GET /wp-login.php HTTP/1.1" 400 23649 "https://example.com" "curl/7.68.0"
172.16.5.4 - - [01/May/2026:03:56:09 +0000] "GET /login HTTP/1.1" 200 15714 "https://example.com" "curl/7.68.0"
10.0.0.22 - carol [12/May/2026:16:05:05 +0000] "GET /api/v1/orders HTTP/1.1" 200 17685 "https://example.com" "curl/7.68.0"
192.168.1.15 - carol [15/Apr/2026:19:58:34 +0000] "GET /api/v1/orders HTTP/1.1" 200 20200 "https://example.com" "curl/7.68.0"
172.16.5.4 - - [21/Apr/2026:15:27:43 +0000] "GET / HTTP/1.1" 200 23212 "https://example.com" "Wget/1.21.1"
185.220.101.5 - bob [12/Apr/2026:21:45:08 +0000] "GET /index.html HTTP/1.1" 200 2707 "https://example.com" "Mozilla/5.0"
103.21.244.0 - carol [30/Apr/2026:22:02:44 +0000] "GET /login HTTP/1.1" 200 25444 "https://example.com" "curl/7.68.0"
203.0.113.77 - - [20/Apr/2026:08:52:31 +0000] "GET /login HTTP/1.1" 200 24069 "https://example.com" "Wget/1.21.1"
192.168.1.15 - bob [23/Apr/2026:11:10:10 +0000] "GET /wp-login.php HTTP/1.1" 403 43905 "https://example.com" "Wget/1.21.1"
198.51.100.1 - carol [20/Apr/2026:12:17:56 +0000] "GET /dashboard HTTP/1.1" 301 44588 "https://example.com" "curl/7.68.0"
103.21.244.0 - dave [03/May/2026:09:17:11 +0000] "GET /wp-login.php HTTP/1.1" 401 28373 "https://example.com" "python-requests/2.25.1"
80.82.77.33 - carol [28/Apr/2026:00:39:32 +0000] "GET /dashboard HTTP/1.1" 200 43378 "https://example.com" "Mozilla/5.0"
203.0.113.77 - dave [21/Apr/2026:01:13:43 +0000] "GET /.env HTTP/1.1" 403 14922 "https://example.com" "curl/7.68.0"
10.0.0.22 - - [11/May/2026:14:22:25 +0000] "GET / HTTP/1.1" 301 27360 "https://example.com" "curl/7.68.0"
45.33.32.156 - carol [30/Apr/2026:14:43:23 +0000] "GET / HTTP/1.1" 301 14541 "https://example.com" "curl/7.68.0"
185.220.101.5 - carol [11/May/2026:04:37:06 +0000] "GET /api/v1/orders HTTP/1.1" 200 30650 "https://example.com" "python-requests/2.25.1"
80.82.77.33 - dave [15/Apr/2026:21:55:32 +0000] "GET /login HTTP/1.1" 301 10630 "https://example.com" "Wget/1.21.1"
80.82.77.33 - bob [18/Apr/2026:13:59:24 +0000] "GET /login HTTP/1.1" 301 41274 "https://example.com" "curl/7.68.0"
203.0.113.77 - carol [09/May/2026:23:34:49 +0000] "GET /api/v1/users HTTP/1.1" 200 9268 "https://example.com" "curl/7.68.0"
172.16.5.4 - carol [20/Apr/2026:17:07:51 +0000] "GET /../etc/passwd HTTP/1.1" 403 35760 "https://example.com" "Wget/1.21.1"
45.33.32.156 - - [06/May/2026:08:28:07 +0000] "GET /dashboard HTTP/1.1" 200 37928 "https://example.com" "Wget/1.21.1"
80.82.77.33 - - [12/Apr/2026:10:33:16 +0000] "GET /api/v1/orders HTTP/1.1" 200 32196 "https://example.com" "curl/7.68.0"
203.0.113.77 - carol [27/Apr/2026:21:28:43 +0000] "GET /api/v1/orders HTTP/1.1" 200 30830 "https://example.com" "curl/7.68.0"
103.21.244.0 - dave [12/May/2026:09:15:28 +0000] "GET / HTTP/1.1" 301 9093 "https://example.com" "Wget/1.21.1"
10.0.0.22 - - [04/May/2026:09:32:51 +0000] "GET /api/v1/users HTTP/1.1" 301 18435 "https://example.com" "Wget/1.21.1"
203.0.113.77 - - [27/Apr/2026:21:05:30 +0000] "GET /wp-login.php HTTP/1.1" 401 42807 "https://example.com" "Mozilla/5.0"
192.168.1.10 - - [12/Apr/2026:14:40:11 +0000] "GET /.env HTTP/1.1" 401 8472 "https://example.com" "Wget/1.21.1"
192.168.1.15 - dave [12/Apr/2026:15:23:20 +0000] "GET /api/v1/users HTTP/1.1" 200 39907 "https://example.com" "Mozilla/5.0"
10.0.0.22 - bob [09/May/2026:03:51:05 +0000] "GET /dashboard HTTP/1.1" 301 26195 "https://example.com" "curl/7.68.0"
192.168.1.15 - dave [20/Apr/2026:01:37:58 +0000] "GET /api/v1/users HTTP/1.1" 200 37288 "https://example.com" "Mozilla/5.0"
198.51.100.1 - dave [29/Apr/2026:00:30:00 +0000] "GET /api/v1/users HTTP/1.1" 200 27728 "https://example.com" "Wget/1.21.1"
192.168.1.15 - carol [12/Apr/2026:10:12:07 +0000] "GET /dashboard HTTP/1.1" 200 28740 "https://example.com" "curl/7.68.0"
185.220.101.5 - bob [23/Apr/2026:04:03:34 +0000] "GET /dashboard HTTP/1.1" 200 21322 "https://example.com" "curl/7.68.0"
192.168.1.15 - bob [14/Apr/2026:07:37:16 +0000] "GET /login HTTP/1.1" 301 22246 "https://example.com" "Mozilla/5.0"
80.82.77.33 - bob [07/May/2026:06:39:42 +0000] "GET /api/v1/users HTTP/1.1" 200 39269 "https://example.com" "python-requests/2.25.1"
185.220.101.5 - - [26/Apr/2026:15:47:49 +0000] "GET /api/v1/orders HTTP/1.1" 200 45459 "https://example.com" "Wget/1.21.1"
80.82.77.33 - carol [17/Apr/2026:21:47:46 +0000] "GET /dashboard HTTP/1.1" 200 20267 "https://example.com" "python-requests/2.25.1"
80.82.77.33 - dave [26/Apr/2026:10:25:17 +0000] "GET /api/v1/users HTTP/1.1" 301 17954 "https://example.com" "python-requests/2.25.1"
203.0.113.77 - alice [08/May/2026:22:40:44 +0000] "GET /phpmyadmin HTTP/1.1" 401 12752 "https://example.com" "curl/7.68.0"
80.82.77.33 - bob [19/Apr/2026:03:04:31 +0000] "GET / HTTP/1.1" 200 19614 "https://example.com" "curl/7.68.0"
198.51.100.1 - alice [03/May/2026:21:07:30 +0000] "GET /admin HTTP/1.1" 400 36464 "https://example.com" "python-requests/2.25.1"
10.0.0.22 - carol [09/May/2026:21:16:46 +0000] "GET /api/v1/orders HTTP/1.1" 200 12282 "https://example.com" "Mozilla/5.0"
203.0.113.77 - carol [09/May/2026:19:27:33 +0000] "GET /admin HTTP/1.1" 401 9977 "https://example.com" "python-requests/2.25.1"
192.168.1.15 - alice [09/May/2026:04:04:38 +0000] "GET /login HTTP/1.1" 200 34447 "https://example.com" "Wget/1.21.1"
80.82.77.33 - carol [03/May/2026:03:25:45 +0000] "GET / HTTP/1.1" 200 13817 "https://example.com" "curl/7.68.0"
203.0.113.77 - - [07/May/2026:14:41:29 +0000] "GET /admin HTTP/1.1" 500 29724 "https://example.com" "Wget/1.21.1"
203.0.113.77 - - [05/May/2026:12:07:46 +0000] "GET /api/v1/orders HTTP/1.1" 200 45248 "https://example.com" "curl/7.68.0"
203.0.113.77 - dave [21/Apr/2026:15:25:57 +0000] "GET /dashboard HTTP/1.1" 200 17608 "https://example.com" "curl/7.68.0"
192.168.1.15 - - [07/May/2026:12:14:17 +0000] "GET /api/v1/users HTTP/1.1" 301 8349 "https://example.com" "Wget/1.21.1"
203.0.113.77 - carol [12/Apr/2026:13:20:30 +0000] "GET / HTTP/1.1" 200 28513 "https://example.com" "python-requests/2.25.1"
103.21.244.0 - bob [12/May/2026:19:38:21 +0000] "GET /login HTTP/1.1" 200 44258 "https://example.com" "python-requests/2.25.1"
103.21.244.0 - - [18/Apr/2026:16:22:31 +0000] "GET /api/v1/users HTTP/1.1" 200 38560 "https://example.com" "Wget/1.21.1"
80.82.77.33 - - [27/Apr/2026:10:26:43 +0000] "GET / HTTP/1.1" 200 21814 "https://example.com" "Wget/1.21.1"
80.82.77.33 - bob [21/Apr/2026:09:00:16 +0000] "GET /api/v1/orders HTTP/1.1" 200 20812 "https://example.com" "python-requests/2.25.1"
198.51.100.1 - - [18/Apr/2026:08:57:32 +0000] "GET / HTTP/1.1" 301 27282 "https://example.com" "Mozilla/5.0"
172.16.5.4 - dave [01/May/2026:02:04:33 +0000] "GET / HTTP/1.1" 200 17701 "https://example.com" "curl/7.68.0"
203.0.113.77 - carol [13/Apr/2026:23:21:57 +0000] "GET /phpmyadmin HTTP/1.1" 401 46716 "https://example.com" "curl/7.68.0"
203.0.113.77 - dave [12/May/2026:04:26:59 +0000] "GET / HTTP/1.1" 301 7898 "https://example.com" "curl/7.68.0"
80.82.77.33 - bob [25/Apr/2026:23:35:38 +0000] "GET /api/v1/orders HTTP/1.1" 200 30135 "https://example.com" "curl/7.68.0"
45.33.32.156 - alice [13/Apr/2026:02:20:17 +0000] "GET / HTTP/1.1" 200 27393 "https://example.com" "python-requests/2.25.1"
185.220.101.5 - bob [16/Apr/2026:21:34:18 +0000] "GET /login HTTP/1.1" 301 9938 "https://example.com" "Wget/1.21.1"
185.220.101.5 - carol [01/May/2026:11:17:16 +0000] "GET /api/v1/orders HTTP/1.1" 200 12563 "https://example.com" "curl/7.68.0"
103.21.244.0 - carol [05/May/2026:08:50:44 +0000] "GET /dashboard HTTP/1.1" 301 25502 "https://example.com" "curl/7.68.0"
80.82.77.33 - - [08/May/2026:05:15:43 +0000] "GET /api/v1/orders HTTP/1.1" 200 34668 "https://example.com" "Wget/1.21.1"
192.168.1.10 - alice [29/Apr/2026:01:44:00 +0000] "GET /api/v1/users HTTP/1.1" 200 41045 "https://example.com" "Wget/1.21.1"
192.168.1.15 - bob [14/Apr/2026:23:58:30 +0000] "GET /api/v1/users HTTP/1.1" 301 35656 "https://example.com" "Mozilla/5.0"
103.21.244.0 - - [05/May/2026:01:09:06 +0000] "GET /index.html HTTP/1.1" 200 28640 "https://example.com" "Mozilla/5.0"
192.168.1.15 - carol [06/May/2026:23:33:07 +0000] "GET /wp-login.php HTTP/1.1" 400 19426 "https://example.com" "python-requests/2.25.1"
198.51.100.1 - carol [08/May/2026:14:19:38 +0000] "GET /index.html HTTP/1.1" 200 11673 "https://example.com" "Mozilla/5.0"
103.21.244.0 - carol [23/Apr/2026:00:37:33 +0000] "GET /index.html HTTP/1.1" 200 30421 "https://example.com" "python-requests/2.25.1"
80.82.77.33 - bob [21/Apr/2026:20:55:13 +0000] "GET /api/v1/users HTTP/1.1" 200 5040 "https://example.com" "Wget/1.21.1"
198.51.100.1 - dave [03/May/2026:01:25:20 +0000] "GET /api/v1/users HTTP/1.1" 200 25411 "https://example.com" "Wget/1.21.1"
192.168.1.15 - alice [30/Apr/2026:03:30:28 +0000] "GET /dashboard HTTP/1.1" 200 1637 "https://example.com" "Wget/1.21.1"
203.0.113.77 - - [24/Apr/2026:00:03:17 +0000] "GET /login HTTP/1.1" 301 18956 "https://example.com" "curl/7.68.0"
103.21.244.0 - bob [05/May/2026:01:40:25 +0000] "GET /dashboard HTTP/1.1" 200 41372 "https://example.com" "Mozilla/5.0"
192.168.1.10 - bob [17/Apr/2026:07:50:27 +0000] "GET /index.html HTTP/1.1" 200 19540 "https://example.com" "python-requests/2.25.1"
45.33.32.156 - alice [06/May/2026:17:02:30 +0000] "GET /api/v1/users HTTP/1.1" 200 10983 "https://example.com" "python-requests/2.25.1"
80.82.77.33 - bob [19/Apr/2026:11:01:57 +0000] "GET / HTTP/1.1" 200 49624 "https://example.com" "curl/7.68.0"
45.33.32.156 - dave [01/May/2026:19:02:39 +0000] "GET /phpmyadmin HTTP/1.1" 400 30004 "https://example.com" "python-requests/2.25.1"
203.0.113.77 - dave [30/Apr/2026:01:29:58 +0000] "GET /api/v1/orders HTTP/1.1" 200 40802 "https://example.com" "python-requests/2.25.1"
103.21.244.0 - alice [22/Apr/2026:19:12:12 +0000] "GET /dashboard HTTP/1.1" 200 42748 "https://example.com" "Wget/1.21.1"
192.168.1.15 - alice [11/May/2026:20:33:33 +0000] "GET /.env HTTP/1.1" 401 25670 "https://example.com" "Wget/1.21.1"
198.51.100.1 - dave [29/Apr/2026:03:05:18 +0000] "GET /../etc/passwd HTTP/1.1" 400 32269 "https://example.com" "Wget/1.21.1"
203.0.113.77 - - [20/Apr/2026:10:39:36 +0000] "GET /index.html HTTP/1.1" 200 6711 "https://example.com" "python-requests/2.25.1"
185.220.101.5 - bob [11/May/2026:09:35:52 +0000] "GET /api/v1/orders HTTP/1.1" 200 43635 "https://example.com" "curl/7.68.0"
103.21.244.0 - - [11/May/2026:11:37:56 +0000] "GET /index.html HTTP/1.1" 200 36520 "https://example.com" "curl/7.68.0"
103.21.244.0 - alice [16/Apr/2026:14:31:15 +0000] "GET /phpmyadmin HTTP/1.1" 400 18371 "https://example.com" "curl/7.68.0"
10.0.0.22 - dave [04/May/2026:16:45:22 +0000] "GET /index.html HTTP/1.1" 200 23677 "https://example.com" "curl/7.68.0"
103.21.244.0 - bob [12/May/2026:16:37:01 +0000] "GET /../etc/passwd HTTP/1.1" 400 49067 "https://example.com" "Mozilla/5.0"
80.82.77.33 - carol [18/Apr/2026:10:20:27 +0000] "GET /phpmyadmin HTTP/1.1" 401 40511 "https://example.com" "Mozilla/5.0"
185.220.101.5 - bob [28/Apr/2026:01:52:01 +0000] "GET /api/v1/orders HTTP/1.1" 301 45164 "https://example.com" "Mozilla/5.0"
80.82.77.33 - carol [10/May/2026:19:32:26 +0000] "GET /.env HTTP/1.1" 403 41115 "https://example.com" "python-requests/2.25.1"
45.33.32.156 - dave [26/Apr/2026:12:23:32 +0000] "GET / HTTP/1.1" 200 43107 "https://example.com" "curl/7.68.0"
45.33.32.156 - carol [14/Apr/2026:14:26:43 +0000] "GET /api/v1/orders HTTP/1.1" 301 48015 "https://example.com" "Mozilla/5.0"
198.51.100.1 - carol [02/May/2026:00:36:41 +0000] "GET /dashboard HTTP/1.1" 301 4599 "https://example.com" "Mozilla/5.0"
192.168.1.15 - - [29/Apr/2026:18:05:17 +0000] "GET /index.html HTTP/1.1" 200 38634 "https://example.com" "python-requests/2.25.1"
192.168.1.15 - carol [01/May/2026:00:04:37 +0000] "GET /dashboard HTTP/1.1" 200 19050 "https://example.com" "python-requests/2.25.1"
198.51.100.1 - - [24/Apr/2026:05:39:55 +0000] "GET /index.html HTTP/1.1" 200 23145 "https://example.com" "python-requests/2.25.1"
192.168.1.15 - bob [24/Apr/2026:14:01:37 +0000] "GET /login HTTP/1.1" 200 40111 "https://example.com" "python-requests/2.25.1"
192.168.1.10 - alice [03/May/2026:23:04:45 +0000] "GET /api/v1/users HTTP/1.1" 200 12088 "https://example.com" "curl/7.68.0"
103.21.244.0 - carol [10/May/2026:17:05:24 +0000] "GET / HTTP/1.1" 200 24854 "https://example.com" "Wget/1.21.1"
80.82.77.33 - bob [07/May/2026:10:33:18 +0000] "GET /login HTTP/1.1" 200 3647 "https://example.com" "curl/7.68.0"
10.0.0.22 - dave [11/May/2026:00:47:47 +0000] "GET /api/v1/orders HTTP/1.1" 301 39985 "https://example.com" "Wget/1.21.1"
45.33.32.156 - bob [06/May/2026:05:45:42 +0000] "GET /api/v1/users HTTP/1.1" 301 34733 "https://example.com" "python-requests/2.25.1"
192.168.1.10 - alice [30/Apr/2026:02:50:04 +0000] "GET /index.html HTTP/1.1" 200 16945 "https://example.com" "python-requests/2.25.1"
198.51.100.1 - - [12/May/2026:06:05:37 +0000] "GET /../etc/passwd HTTP/1.1" 401 32985 "https://example.com" "python-requests/2.25.1"
192.168.1.15 - carol [14/Apr/2026:22:50:37 +0000] "GET /admin HTTP/1.1" 403 37932 "https://example.com" "Wget/1.21.1"
103.21.244.0 - carol [20/Apr/2026:01:26:46 +0000] "GET /admin HTTP/1.1" 403 11463 "https://example.com" "Wget/1.21.1"
198.51.100.1 - - [29/Apr/2026:18:37:37 +0000] "GET /login HTTP/1.1" 200 26136 "https://example.com" "python-requests/2.25.1"
198.51.100.1 - alice [02/May/2026:16:48:32 +0000] "GET /login HTTP/1.1" 200 23096 "https://example.com" "python-requests/2.25.1"
10.0.0.22 - alice [09/May/2026:17:36:52 +0000] "GET /.env HTTP/1.1" 400 11809 "https://example.com" "Wget/1.21.1"
80.82.77.33 - dave [18/Apr/2026:03:24:21 +0000] "GET /login HTTP/1.1" 200 41305 "https://example.com" "python-requests/2.25.1"
10.0.0.22 - carol [10/May/2026:06:24:24 +0000] "GET /api/v1/users HTTP/1.1" 200 23264 "https://example.com" "Mozilla/5.0"
203.0.113.77 - carol [28/Apr/2026:20:49:41 +0000] "GET / HTTP/1.1" 200 40505 "https://example.com" "Wget/1.21.1"
80.82.77.33 - dave [24/Apr/2026:21:56:02 +0000] "GET /login HTTP/1.1" 200 21271 "https://example.com" "Wget/1.21.1"
185.220.101.5 - alice [12/Apr/2026:20:24:58 +0000] "GET /api/v1/users HTTP/1.1" 200 33266 "https://example.com" "curl/7.68.0"
192.168.1.10 - alice [20/Apr/2026:07:24:31 +0000] "GET /index.html HTTP/1.1" 200 24635 "https://example.com" "python-requests/2.25.1"
45.33.32.156 - carol [18/Apr/2026:11:09:26 +0000] "GET /wp-login.php HTTP/1.1" 400 21806 "https://example.com" "Mozilla/5.0"
185.220.101.5 - carol [03/May/2026:13:06:10 +0000] "GET /login HTTP/1.1" 200 22047 "https://example.com" "Mozilla/5.0"
103.21.244.0 - alice [13/Apr/2026:10:33:23 +0000] "GET /api/v1/orders HTTP/1.1" 200 39196 "https://example.com" "Mozilla/5.0"
203.0.113.77 - dave [30/Apr/2026:01:02:43 +0000] "GET /dashboard HTTP/1.1" 200 42537 "https://example.com" "Wget/1.21.1"
185.220.101.5 - bob [12/May/2026:10:33:53 +0000] "GET /api/v1/users HTTP/1.1" 301 12783 "https://example.com" "curl/7.68.0"
10.0.0.22 - alice [10/May/2026:11:58:14 +0000] "GET /phpmyadmin HTTP/1.1" 400 43580 "https://example.com" "python-requests/2.25.1"
103.21.244.0 - alice [23/Apr/2026:09:43:54 +0000] "GET /dashboard HTTP/1.1" 200 47463 "https://example.com" "Wget/1.21.1"
192.168.1.10 - carol [01/May/2026:00:06:49 +0000] "GET /login HTTP/1.1" 200 49508 "https://example.com" "Wget/1.21.1"
172.16.5.4 - dave [05/May/2026:12:01:14 +0000] "GET /index.html HTTP/1.1" 200 44653 "https://example.com" "Wget/1.21.1"
80.82.77.33 - bob [18/Apr/2026:09:20:31 +0000] "GET /index.html HTTP/1.1" 200 39827 "https://example.com" "curl/7.68.0"
203.0.113.77 - - [22/Apr/2026:05:57:41 +0000] "GET / HTTP/1.1" 200 18881 "https://example.com" "Mozilla/5.0"
10.0.0.22 - bob [28/Apr/2026:05:43:11 +0000] "GET /index.html HTTP/1.1" 301 23110 "https://example.com" "Mozilla/5.0"
45.33.32.156 - - [30/Apr/2026:05:29:49 +0000] "GET / HTTP/1.1" 200 14915 "https://example.com" "Mozilla/5.0"
198.51.100.1 - - [15/Apr/2026:23:11:43 +0000] "GET /index.html HTTP/1.1" 200 19000 "https://example.com" "Wget/1.21.1"
10.0.0.22 - carol [28/Apr/2026:02:52:07 +0000] "GET /wp-login.php HTTP/1.1" 401 9998 "https://example.com" "Wget/1.21.1"
192.168.1.15 - bob [05/May/2026:12:46:01 +0000] "GET /dashboard HTTP/1.1" 301 4316 "https://example.com" "Mozilla/5.0"
80.82.77.33 - dave [25/Apr/2026:21:12:32 +0000] "GET /dashboard HTTP/1.1" 200 19288 "https://example.com" "Wget/1.21.1"
192.168.1.10 - dave [01/May/2026:14:16:38 +0000] "GET /dashboard HTTP/1.1" 200 34507 "https://example.com" "python-requests/2.25.1"
192.168.1.15 - dave [25/Apr/2026:05:02:32 +0000] "GET /api/v1/orders HTTP/1.1" 301 3053 "https://example.com" "Wget/1.21.1"
198.51.100.1 - bob [19/Apr/2026:21:30:14 +0000] "GET /.env HTTP/1.1" 400 38335 "https://example.com" "python-requests/2.25.1"
10.0.0.22 - - [01/May/2026:04:31:12 +0000] "GET /dashboard HTTP/1.1" 301 45773 "https://example.com" "Wget/1.21.1"
10.0.0.22 - alice [09/May/2026:23:03:35 +0000] "GET /.env HTTP/1.1" 400 13272 "https://example.com" "Mozilla/5.0"
198.51.100.1 - bob [26/Apr/2026:09:00:30 +0000] "GET / HTTP/1.1" 200 18950 "https://example.com" "python-requests/2.25.1"
192.168.1.10 - bob [04/May/2026:18:01:41 +0000] "GET /api/v1/orders HTTP/1.1" 301 25539 "https://example.com" "python-requests/2.25.1"
10.0.0.22 - carol [20/Apr/2026:06:29:05 +0000] "GET /api/v1/users HTTP/1.1" 200 47850 "https://example.com" "Wget/1.21.1"
192.168.1.15 - carol [23/Apr/2026:16:18:46 +0000] "GET / HTTP/1.1" 200 43514 "https://example.com" "python-requests/2.25.1"
203.0.113.77 - carol [22/Apr/2026:23:25:54 +0000] "GET /api/v1/users HTTP/1.1" 301 2975 "https://example.com" "python-requests/2.25.1"
103.21.244.0 - carol [04/May/2026:01:03:01 +0000] "GET /../etc/passwd HTTP/1.1" 403 33825 "https://example.com" "curl/7.68.0"
192.168.1.10 - alice [15/Apr/2026:02:09:14 +0000] "GET /index.html HTTP/1.1" 200 15666 "https://example.com" "python-requests/2.25.1"
198.51.100.1 - carol [12/Apr/2026:03:50:26 +0000] "GET /../etc/passwd HTTP/1.1" 403 24580 "https://example.com" "Wget/1.21.1"
192.168.1.15 - dave [08/May/2026:05:29:39 +0000] "GET /api/v1/users HTTP/1.1" 200 7634 "https://example.com" "Mozilla/5.0"
10.0.0.22 - carol [26/Apr/2026:08:54:29 +0000] "GET /wp-login.php HTTP/1.1" 500 14262 "https://example.com" "python-requests/2.25.1"
80.82.77.33 - alice [09/May/2026:16:59:00 +0000] "GET /dashboard HTTP/1.1" 301 5953 "https://example.com" "python-requests/2.25.1"
198.51.100.1 - - [25/Apr/2026:04:34:07 +0000] "GET /index.html HTTP/1.1" 200 23890 "https://example.com" "curl/7.68.0"
192.168.1.15 - alice [17/Apr/2026:17:37:14 +0000] "GET /api/v1/users HTTP/1.1" 200 30831 "https://example.com" "curl/7.68.0"
103.21.244.0 - - [10/May/2026:12:27:19 +0000] "GET /login HTTP/1.1" 301 27032 "https://example.com" "Mozilla/5.0"
10.0.0.22 - bob [22/Apr/2026:19:24:35 +0000] "GET /api/v1/users HTTP/1.1" 200 36330 "https://example.com" "curl/7.68.0"
10.0.0.22 - carol [26/Apr/2026:19:59:57 +0000] "GET /api/v1/users HTTP/1.1" 200 10814 "https://example.com" "python-requests/2.25.1"
172.16.5.4 - bob [12/Apr/2026:04:55:46 +0000] "GET /api/v1/users HTTP/1.1" 200 41819 "https://example.com" "python-requests/2.25.1"
10.0.0.22 - bob [23/Apr/2026:04:47:32 +0000] "GET /login HTTP/1.1" 200 11419 "https://example.com" "python-requests/2.25.1"
103.21.244.0 - - [16/Apr/2026:21:48:02 +0000] "GET /login HTTP/1.1" 200 42872 "https://example.com" "curl/7.68.0"
103.21.244.0 - carol [23/Apr/2026:01:51:33 +0000] "GET /login HTTP/1.1" 200 42268 "https://example.com" "python-requests/2.25.1"
80.82.77.33 - alice [17/Apr/2026:00:27:45 +0000] "GET /dashboard HTTP/1.1" 200 10559 "https://example.com" "Wget/1.21.1"
45.33.32.156 - carol [28/Apr/2026:15:31:26 +0000] "GET /wp-login.php HTTP/1.1" 403 26330 "https://example.com" "curl/7.68.0"
198.51.100.1 - dave [25/Apr/2026:18:32:49 +0000] "GET /api/v1/users HTTP/1.1" 301 16447 "https://example.com" "curl/7.68.0"
192.168.1.15 - - [03/May/2026:08:57:25 +0000] "GET /index.html HTTP/1.1" 200 38059 "https://example.com" "python-requests/2.25.1"
172.16.5.4 - alice [27/Apr/2026:05:23:33 +0000] "GET /api/v1/orders HTTP/1.1" 200 6101 "https://example.com" "Wget/1.21.1"
185.220.101.5 - carol [12/Apr/2026:14:39:27 +0000] "GET / HTTP/1.1" 200 32633 "https://example.com" "Wget/1.21.1"
203.0.113.77 - dave [12/May/2026:18:25:56 +0000] "GET /dashboard HTTP/1.1" 200 26627 "https://example.com" "python-requests/2.25.1"
192.168.1.10 - carol [11/May/2026:03:17:52 +0000] "GET /api/v1/users HTTP/1.1" 200 25519 "https://example.com" "Wget/1.21.1"
185.220.101.5 - bob [16/Apr/2026:02:09:25 +0000] "GET /admin HTTP/1.1" 500 24657 "https://example.com" "python-requests/2.25.1"
185.220.101.5 - bob [18/Apr/2026:17:40:26 +0000] "GET /login HTTP/1.1" 200 3169 "https://example.com" "Mozilla/5.0"
10.0.0.22 - bob [17/Apr/2026:06:19:35 +0000] "GET /phpmyadmin HTTP/1.1" 401 21693 "https://example.com" "python-requests/2.25.1"
10.0.0.22 - carol [22/Apr/2026:21:59:45 +0000] "GET /login HTTP/1.1" 301 46647 "https://example.com" "python-requests/2.25.1"
80.82.77.33 - - [01/May/2026:11:09:57 +0000] "GET /login HTTP/1.1" 200 47734 "https://example.com" "Mozilla/5.0"
103.21.244.0 - carol [04/May/2026:01:02:15 +0000] "GET /index.html HTTP/1.1" 200 38441 "https://example.com" "Wget/1.21.1"
10.0.0.22 - dave [21/Apr/2026:22:13:15 +0000] "GET /index.html HTTP/1.1" 200 2269 "https://example.com" "Mozilla/5.0"
172.16.5.4 - - [28/Apr/2026:11:26:55 +0000] "GET /index.html HTTP/1.1" 301 33087 "https://example.com" "Wget/1.21.1"
192.168.1.10 - alice [26/Apr/2026:15:17:44 +0000] "GET /api/v1/orders HTTP/1.1" 301 20762 "https://example.com" "curl/7.68.0"
80.82.77.33 - dave [02/May/2026:04:30:21 +0000] "GET /dashboard HTTP/1.1" 200 40181 "https://example.com" "Wget/1.21.1"
172.16.5.4 - alice [04/May/2026:04:33:50 +0000] "GET /api/v1/users HTTP/1.1" 200 46396 "https://example.com" "curl/7.68.0"
80.82.77.33 - bob [27/Apr/2026:10:17:05 +0000] "GET /dashboard HTTP/1.1" 200 19060 "https://example.com" "Mozilla/5.0"
103.21.244.0 - dave [30/Apr/2026:09:00:42 +0000] "GET /index.html HTTP/1.1" 200 2956 "https://example.com" "python-requests/2.25.1"
192.168.1.15 - bob [13/Apr/2026:07:11:48 +0000] "GET /index.html HTTP/1.1" 200 35496 "https://example.com" "python-requests/2.25.1"
185.220.101.5 - bob [08/May/2026:18:13:17 +0000] "GET /index.html HTTP/1.1" 200 44098 "https://example.com" "curl/7.68.0"
172.16.5.4 - - [09/May/2026:08:31:19 +0000] "GET /dashboard HTTP/1.1" 200 539 "https://example.com" "curl/7.68.0"
45.33.32.156 - carol [27/Apr/2026:01:40:16 +0000] "GET /api/v1/users HTTP/1.1" 200 42529 "https://example.com" "Mozilla/5.0"
192.168.1.15 - dave [05/May/2026:04:05:18 +0000] "GET / HTTP/1.1" 200 27586 "https://example.com" "curl/7.68.0"
192.168.1.10 - carol [17/Apr/2026:06:41:05 +0000] "GET /api/v1/users HTTP/1.1" 200 807 "https://example.com" "python-requests/2.25.1"
103.21.244.0 - dave [09/May/2026:11:34:35 +0000] "GET /login HTTP/1.1" 301 8994 "https://example.com" "Wget/1.21.1"
203.0.113.77 - alice [17/Apr/2026:18:31:54 +0000] "GET /dashboard HTTP/1.1" 200 47294 "https://example.com" "curl/7.68.0"
192.168.1.10 - bob [17/Apr/2026:12:16:21 +0000] "GET /index.html HTTP/1.1" 301 28229 "https://example.com" "python-requests/2.25.1"
192.168.1.15 - carol [21/Apr/2026:18:41:56 +0000] "GET /index.html HTTP/1.1" 200 17290 "https://example.com" "Wget/1.21.1"
172.16.5.4 - carol [18/Apr/2026:13:31:45 +0000] "GET /login HTTP/1.1" 200 17341 "https://example.com" "python-requests/2.25.1"
172.16.5.4 - - [21/Apr/2026:18:23:45 +0000] "GET /phpmyadmin HTTP/1.1" 403 45438 "https://example.com" "Mozilla/5.0"
203.0.113.77 - bob [23/Apr/2026:14:38:56 +0000] "GET /api/v1/orders HTTP/1.1" 200 27452 "https://example.com" "Wget/1.21.1"
185.220.101.5 - alice [18/Apr/2026:14:09:16 +0000] "GET / HTTP/1.1" 301 34814 "https://example.com" "python-requests/2.25.1"
192.168.1.15 - dave [09/May/2026:19:59:29 +0000] "GET /index.html HTTP/1.1" 200 10983 "https://example.com" "python-requests/2.25.1"
185.220.101.5 - carol [09/May/2026:00:39:19 +0000] "GET / HTTP/1.1" 301 3846 "https://example.com" "Wget/1.21.1"
10.0.0.22 - dave [29/Apr/2026:07:17:01 +0000] "GET /dashboard HTTP/1.1" 200 47600 "https://example.com" "Mozilla/5.0"
45.33.32.156 - bob [16/Apr/2026:21:05:51 +0000] "GET / HTTP/1.1" 301 22779 "https://example.com" "Mozilla/5.0"
185.220.101.5 - - [13/Apr/2026:18:53:34 +0000] "GET /../etc/passwd HTTP/1.1" 401 9075 "https://example.com" "Wget/1.21.1"
198.51.100.1 - carol [28/Apr/2026:09:28:59 +0000] "GET /dashboard HTTP/1.1" 200 43030 "https://example.com" "python-requests/2.25.1"
192.168.1.15 - alice [25/Apr/2026:09:19:56 +0000] "GET /index.html HTTP/1.1" 200 49756 "https://example.com" "Mozilla/5.0"
203.0.113.77 - carol [20/Apr/2026:22:18:37 +0000] "GET /index.html HTTP/1.1" 200 30387 "https://example.com" "python-requests/2.25.1"
10.0.0.22 - bob [05/May/2026:22:04:57 +0000] "GET /../etc/passwd HTTP/1.1" 400 15972 "https://example.com" "curl/7.68.0"
192.168.1.15 - - [23/Apr/2026:20:24:26 +0000] "GET / HTTP/1.1" 200 48732 "https://example.com" "Mozilla/5.0"
45.33.32.156 - carol [05/May/2026:04:39:16 +0000] "GET / HTTP/1.1" 200 33223 "https://example.com" "python-requests/2.25.1"
172.16.5.4 - dave [02/May/2026:03:14:15 +0000] "GET /api/v1/users HTTP/1.1" 200 19976 "https://example.com" "curl/7.68.0"
185.220.101.5 - alice [29/Apr/2026:12:36:01 +0000] "GET /login HTTP/1.1" 200 41225 "https://example.com" "Wget/1.21.1"
185.220.101.5 - carol [11/May/2026:10:11:22 +0000] "GET /login HTTP/1.1" 200 45833 "https://example.com" "Wget/1.21.1"
45.33.32.156 - alice [03/May/2026:09:41:16 +0000] "GET /index.html HTTP/1.1" 200 19909 "https://example.com" "curl/7.68.0"
80.82.77.33 - - [25/Apr/2026:08:26:29 +0000] "GET /api/v1/orders HTTP/1.1" 200 16911 "https://example.com" "curl/7.68.0"
198.51.100.1 - - [13/Apr/2026:06:58:41 +0000] "GET /.env HTTP/1.1" 400 17793 "https://example.com" "Wget/1.21.1"
103.21.244.0 - dave [11/May/2026:19:40:13 +0000] "GET /dashboard HTTP/1.1" 200 31617 "https://example.com" "curl/7.68.0"
198.51.100.1 - bob [12/Apr/2026:21:39:05 +0000] "GET /dashboard HTTP/1.1" 200 49147 "https://example.com" "Wget/1.21.1"
172.16.5.4 - dave [20/Apr/2026:15:27:06 +0000] "GET /api/v1/users HTTP/1.1" 200 25147 "https://example.com" "Wget/1.21.1"
185.220.101.5 - bob [03/May/2026:13:29:32 +0000] "GET /api/v1/orders HTTP/1.1" 200 47544 "https://example.com" "Wget/1.21.1"
198.51.100.1 - alice [01/May/2026:11:27:02 +0000] "GET /index.html HTTP/1.1" 200 1262 "https://example.com" "python-requests/2.25.1"
185.220.101.5 - dave [23/Apr/2026:22:26:46 +0000] "GET /wp-login.php HTTP/1.1" 401 25093 "https://example.com" "curl/7.68.0"
80.82.77.33 - dave [22/Apr/2026:00:31:48 +0000] "GET /api/v1/orders HTTP/1.1" 301 30400 "https://example.com" "curl/7.68.0"
198.51.100.1 - alice [07/May/2026:22:18:33 +0000] "GET /login HTTP/1.1" 200 34537 "https://example.com" "Mozilla/5.0"
192.168.1.15 - - [18/Apr/2026:21:26:56 +0000] "GET /index.html HTTP/1.1" 200 46545 "https://example.com" "curl/7.68.0"
192.168.1.10 - alice [26/Apr/2026:07:30:01 +0000] "GET /dashboard HTTP/1.1" 301 43406 "https://example.com" "Wget/1.21.1"
192.168.1.10 - - [25/Apr/2026:04:27:04 +0000] "GET /wp-login.php HTTP/1.1" 403 1323 "https://example.com" "Wget/1.21.1"
10.0.0.22 - - [13/Apr/2026:18:19:55 +0000] "GET /login HTTP/1.1" 200 23428 "https://example.com" "python-requests/2.25.1"
45.33.32.156 - - [01/May/2026:09:23:28 +0000] "GET /dashboard HTTP/1.1" 200 19859 "https://example.com" "Mozilla/5.0"
192.168.1.10 - - [30/Apr/2026:09:28:29 +0000] "GET /dashboard HTTP/1.1" 200 46261 "https://example.com" "curl/7.68.0"
192.168.1.15 - carol [15/Apr/2026:08:11:14 +0000] "GET / HTTP/1.1" 200 15257 "https://example.com" "curl/7.68.0"
103.21.244.0 - carol [04/May/2026:19:54:00 +0000] "GET /api/v1/users HTTP/1.1" 200 11954 "https://example.com" "python-requests/2.25.1"
192.168.1.10 - alice [24/Apr/2026:17:04:12 +0000] "GET /api/v1/orders HTTP/1.1" 200 19813 "https://example.com" "curl/7.68.0"
103.21.244.0 - alice [24/Apr/2026:09:09:07 +0000] "GET /api/v1/orders HTTP/1.1" 200 45374 "https://example.com" "Mozilla/5.0"
185.220.101.5 - bob [11/May/2026:18:25:50 +0000] "GET /api/v1/users HTTP/1.1" 301 21589 "https://example.com" "Mozilla/5.0"
203.0.113.77 - carol [27/Apr/2026:14:30:29 +0000] "GET /api/v1/orders HTTP/1.1" 200 44744 "https://example.com" "Wget/1.21.1"
192.168.1.15 - dave [03/May/2026:14:08:00 +0000] "GET /.env HTTP/1.1" 500 46840 "https://example.com" "curl/7.68.0"
45.33.32.156 - bob [01/May/2026:18:48:04 +0000] "GET /api/v1/orders HTTP/1.1" 200 17879 "https://example.com" "Mozilla/5.0"
10.0.0.22 - - [07/May/2026:08:24:29 +0000] "GET /api/v1/orders HTTP/1.1" 200 1921 "https://example.com" "Mozilla/5.0"
198.51.100.1 - dave [10/May/2026:02:14:14 +0000] "GET /api/v1/orders HTTP/1.1" 200 19326 "https://example.com" "Wget/1.21.1"
45.33.32.156 - - [19/Apr/2026:03:55:49 +0000] "GET /index.html HTTP/1.1" 301 11308 "https://example.com" "curl/7.68.0"
203.0.113.77 - bob [04/May/2026:06:44:00 +0000] "GET /wp-login.php HTTP/1.1" 500 19844 "https://example.com" "Wget/1.21.1"
192.168.1.15 - bob [04/May/2026:14:06:24 +0000] "GET /login HTTP/1.1" 200 30206 "https://example.com" "Mozilla/5.0"
10.0.0.22 - bob [12/May/2026:09:31:11 +0000] "GET /api/v1/users HTTP/1.1" 301 22137 "https://example.com" "Wget/1.21.1"
103.21.244.0 - alice [03/May/2026:11:14:20 +0000] "GET /api/v1/users HTTP/1.1" 200 26299 "https://example.com" "python-requests/2.25.1"
203.0.113.77 - carol [12/Apr/2026:03:02:49 +0000] "GET /api/v1/users HTTP/1.1" 301 24121 "https://example.com" "Mozilla/5.0"
103.21.244.0 - alice [24/Apr/2026:04:41:21 +0000] "GET / HTTP/1.1" 301 46623 "https://example.com" "curl/7.68.0"
80.82.77.33 - bob [15/Apr/2026:23:48:12 +0000] "GET /api/v1/orders HTTP/1.1" 301 9321 "https://example.com" "python-requests/2.25.1"
172.16.5.4 - bob [21/Apr/2026:17:07:37 +0000] "GET / HTTP/1.1" 301 39386 "https://example.com" "Wget/1.21.1"
103.21.244.0 - carol [25/Apr/2026:04:53:06 +0000] "GET /api/v1/orders HTTP/1.1" 200 23762 "https://example.com" "Mozilla/5.0"
192.168.1.15 - alice [21/Apr/2026:00:30:54 +0000] "GET / HTTP/1.1" 301 49527 "https://example.com" "python-requests/2.25.1"
45.33.32.156 - - [12/May/2026:18:36:50 +0000] "GET /login HTTP/1.1" 200 29414 "https://example.com" "python-requests/2.25.1"
45.33.32.156 - carol [18/Apr/2026:00:15:20 +0000] "GET /api/v1/users HTTP/1.1" 200 31838 "https://example.com" "Mozilla/5.0"
203.0.113.77 - carol [13/Apr/2026:19:45:11 +0000] "GET /index.html HTTP/1.1" 200 20640 "https://example.com" "python-requests/2.25.1"
80.82.77.33 - alice [26/Apr/2026:06:30:34 +0000] "GET /../etc/passwd HTTP/1.1" 403 4602 "https://example.com" "python-requests/2.25.1"
192.168.1.10 - - [12/May/2026:11:11:58 +0000] "GET /index.html HTTP/1.1" 200 34016 "https://example.com" "curl/7.68.0"
185.220.101.5 - alice [02/May/2026:04:25:35 +0000] "GET /api/v1/orders HTTP/1.1" 200 12415 "https://example.com" "Wget/1.21.1"
45.33.32.156 - - [19/Apr/2026:01:56:52 +0000] "GET /api/v1/orders HTTP/1.1" 301 491 "https://example.com" "curl/7.68.0"
172.16.5.4 - bob [17/Apr/2026:23:01:14 +0000] "GET /admin HTTP/1.1" 401 24172 "https://example.com" "python-requests/2.25.1"
172.16.5.4 - carol [09/May/2026:13:10:09 +0000] "GET /dashboard HTTP/1.1" 200 39323 "https://example.com" "Wget/1.21.1"
103.21.244.0 - carol [24/Apr/2026:18:30:42 +0000] "GET /login HTTP/1.1" 200 44344 "https://example.com" "python-requests/2.25.1"
103.21.244.0 - dave [10/May/2026:00:44:44 +0000] "GET /wp-login.php HTTP/1.1" 400 12196 "https://example.com" "python-requests/2.25.1"
10.0.0.22 - dave [30/Apr/2026:08:14:56 +0000] "GET /api/v1/orders HTTP/1.1" 200 32094 "https://example.com" "curl/7.68.0"
185.220.101.5 - alice [27/Apr/2026:12:44:53 +0000] "GET /api/v1/orders HTTP/1.1" 200 23729 "https://example.com" "Mozilla/5.0"
80.82.77.33 - alice [06/May/2026:09:17:32 +0000] "GET /api/v1/orders HTTP/1.1" 301 27438 "https://example.com" "Wget/1.21.1"
80.82.77.33 - alice [10/May/2026:03:51:14 +0000] "GET /api/v1/users HTTP/1.1" 200 18212 "https://example.com" "curl/7.68.0"
185.220.101.5 - bob [07/May/2026:07:16:17 +0000] "GET /api/v1/orders HTTP/1.1" 200 37733 "https://example.com" "Mozilla/5.0"
203.0.113.77 - dave [16/Apr/2026:10:18:12 +0000] "GET /dashboard HTTP/1.1" 301 36005 "https://example.com" "curl/7.68.0"
45.33.32.156 - - [19/Apr/2026:01:04:49 +0000] "GET / HTTP/1.1" 301 17423 "https://example.com" "python-requests/2.25.1"
192.168.1.15 - carol [15/Apr/2026:18:03:13 +0000] "GET /dashboard HTTP/1.1" 200 46779 "https://example.com" "Wget/1.21.1"
10.0.0.22 - dave [08/May/2026:15:00:51 +0000] "GET /login HTTP/1.1" 200 35083 "https://example.com" "python-requests/2.25.1"
103.21.244.0 - dave [07/May/2026:11:07:46 +0000] "GET /api/v1/users HTTP/1.1" 200 9085 "https://example.com" "Wget/1.21.1"
192.168.1.10 - bob [15/Apr/2026:01:44:20 +0000] "GET /index.html HTTP/1.1" 200 46821 "https://example.com" "python-requests/2.25.1"
172.16.5.4 - carol [27/Apr/2026:17:16:24 +0000] "GET /api/v1/orders HTTP/1.1" 301 29821 "https://example.com" "Mozilla/5.0"
192.168.1.15 - carol [25/Apr/2026:22:35:20 +0000] "GET /api/v1/users HTTP/1.1" 301 32184 "https://example.com" "python-requests/2.25.1"
103.21.244.0 - - [14/Apr/2026:22:47:18 +0000] "GET /dashboard HTTP/1.1" 200 4350 "https://example.com" "Wget/1.21.1"
172.16.5.4 - carol [16/Apr/2026:15:21:47 +0000] "GET /api/v1/users HTTP/1.1" 200 36068 "https://example.com" "curl/7.68.0"
103.21.244.0 - carol [17/Apr/2026:10:55:21 +0000] "GET / HTTP/1.1" 200 41237 "https://example.com" "Wget/1.21.1"
192.168.1.10 - - [13/Apr/2026:16:24:35 +0000] "GET /../etc/passwd HTTP/1.1" 401 45327 "https://example.com" "curl/7.68.0"
203.0.113.77 - alice [15/Apr/2026:13:47:23 +0000] "GET / HTTP/1.1" 200 43749 "https://example.com" "curl/7.68.0"
192.168.1.10 - carol [22/Apr/2026:12:06:20 +0000] "GET /api/v1/orders HTTP/1.1" 200 46317 "https://example.com" "Mozilla/5.0"
192.168.1.10 - alice [27/Apr/2026:19:44:27 +0000] "GET /dashboard HTTP/1.1" 301 808 "https://example.com" "Mozilla/5.0"
198.51.100.1 - - [15/Apr/2026:08:08:56 +0000] "GET /index.html HTTP/1.1" 301 6054 "https://example.com" "Mozilla/5.0"
192.168.1.15 - bob [01/May/2026:12:44:40 +0000] "GET /index.html HTTP/1.1" 200 4683 "https://example.com" "Mozilla/5.0"
103.21.244.0 - alice [28/Apr/2026:10:06:51 +0000] "GET /index.html HTTP/1.1" 301 40575 "https://example.com" "Wget/1.21.1"
172.16.5.4 - - [14/Apr/2026:18:44:16 +0000] "GET /../etc/passwd HTTP/1.1" 403 28340 "https://example.com" "python-requests/2.25.1"
10.0.0.22 - alice [04/May/2026:01:47:49 +0000] "GET /login HTTP/1.1" 200 45451 "https://example.com" "Mozilla/5.0"
203.0.113.77 - alice [26/Apr/2026:02:20:52 +0000] "GET /api/v1/users HTTP/1.1" 200 15885 "https://example.com" "Wget/1.21.1"
45.33.32.156 - - [05/May/2026:06:12:26 +0000] "GET /admin HTTP/1.1" 403 20940 "https://example.com" "curl/7.68.0"
45.33.32.156 - dave [29/Apr/2026:10:18:21 +0000] "GET /../etc/passwd HTTP/1.1" 400 1293 "https://example.com" "Mozilla/5.0"
192.168.1.10 - bob [06/May/2026:19:54:01 +0000] "GET /api/v1/orders HTTP/1.1" 200 41394 "https://example.com" "Wget/1.21.1"
45.33.32.156 - carol [10/May/2026:01:18:30 +0000] "GET /api/v1/users HTTP/1.1" 200 20510 "https://example.com" "Mozilla/5.0"
185.220.101.5 - alice [17/Apr/2026:17:18:44 +0000] "GET /dashboard HTTP/1.1" 200 20527 "https://example.com" "Wget/1.21.1"
172.16.5.4 - - [05/May/2026:18:53:37 +0000] "GET /phpmyadmin HTTP/1.1" 400 20469 "https://example.com" "curl/7.68.0"
192.168.1.15 - - [20/Apr/2026:17:09:04 +0000] "GET /wp-login.php HTTP/1.1" 403 11142 "https://example.com" "python-requests/2.25.1"
10.0.0.22 - bob [19/Apr/2026:18:03:07 +0000] "GET /../etc/passwd HTTP/1.1" 403 34531 "https://example.com" "Mozilla/5.0"
203.0.113.77 - dave [22/Apr/2026:19:21:35 +0000] "GET / HTTP/1.1" 301 37351 "https://example.com" "curl/7.68.0"
198.51.100.1 - alice [04/May/2026:17:55:28 +0000] "GET / HTTP/1.1" 200 48747 "https://example.com" "Mozilla/5.0"
192.168.1.10 - - [05/May/2026:20:22:41 +0000] "GET /index.html HTTP/1.1" 200 2517 "https://example.com" "Wget/1.21.1"
172.16.5.4 - bob [05/May/2026:07:54:18 +0000] "GET / HTTP/1.1" 200 8025 "https://example.com" "Mozilla/5.0"
10.0.0.22 - alice [17/Apr/2026:05:50:39 +0000] "GET /../etc/passwd HTTP/1.1" 403 20561 "https://example.com" "python-requests/2.25.1"
192.168.1.15 - dave [28/Apr/2026:21:29:52 +0000] "GET /api/v1/users HTTP/1.1" 200 30603 "https://example.com" "python-requests/2.25.1"
103.21.244.0 - carol [18/Apr/2026:15:06:07 +0000] "GET /index.html HTTP/1.1" 200 617 "https://example.com" "Wget/1.21.1"
192.168.1.10 - alice [25/Apr/2026:10:12:11 +0000] "GET / HTTP/1.1" 200 295 "https://example.com" "Wget/1.21.1"
203.0.113.77 - - [06/May/2026:05:37:38 +0000] "GET / HTTP/1.1" 200 46838 "https://example.com" "python-requests/2.25.1"
192.168.1.15 - - [13/Apr/2026:13:55:10 +0000] "GET /dashboard HTTP/1.1" 200 30245 "https://example.com" "Mozilla/5.0"
103.21.244.0 - - [26/Apr/2026:17:12:12 +0000] "GET /login HTTP/1.1" 200 28707 "https://example.com" "curl/7.68.0"
172.16.5.4 - bob [04/May/2026:10:53:13 +0000] "GET /dashboard HTTP/1.1" 200 21044 "https://example.com" "Wget/1.21.1"
203.0.113.77 - alice [10/May/2026:15:44:15 +0000] "GET / HTTP/1.1" 200 7124 "https://example.com" "curl/7.68.0"
80.82.77.33 - carol [02/May/2026:08:45:30 +0000] "GET /index.html HTTP/1.1" 301 20405 "https://example.com" "Wget/1.21.1"
203.0.113.77 - - [10/May/2026:16:01:21 +0000] "GET /dashboard HTTP/1.1" 200 14291 "https://example.com" "python-requests/2.25.1"
10.0.0.22 - - [20/Apr/2026:14:30:39 +0000] "GET /dashboard HTTP/1.1" 200 17250 "https://example.com" "curl/7.68.0"
192.168.1.10 - carol [15/Apr/2026:07:17:17 +0000] "GET / HTTP/1.1" 301 6878 "https://example.com" "curl/7.68.0"
192.168.1.15 - - [11/May/2026:14:44:52 +0000] "GET /api/v1/users HTTP/1.1" 200 38363 "https://example.com" "python-requests/2.25.1"
192.168.1.15 - - [10/May/2026:14:55:23 +0000] "GET /index.html HTTP/1.1" 200 21928 "https://example.com" "Mozilla/5.0"
192.168.1.10 - carol [11/May/2026:15:53:28 +0000] "GET /dashboard HTTP/1.1" 301 32714 "https://example.com" "Mozilla/5.0"
45.33.32.156 - carol [07/May/2026:10:39:06 +0000] "GET /api/v1/users HTTP/1.1" 301 9940 "https://example.com" "Mozilla/5.0"
103.21.244.0 - dave [23/Apr/2026:14:11:46 +0000] "GET /login HTTP/1.1" 301 4196 "https://example.com" "Mozilla/5.0"
203.0.113.77 - carol [08/May/2026:08:40:23 +0000] "GET /login HTTP/1.1" 200 41537 "https://example.com" "Mozilla/5.0"
45.33.32.156 - bob [27/Apr/2026:04:02:33 +0000] "GET /login HTTP/1.1" 200 25652 "https://example.com" "python-requests/2.25.1"
10.0.0.22 - - [02/May/2026:02:39:03 +0000] "GET /api/v1/users HTTP/1.1" 200 31112 "https://example.com" "python-requests/2.25.1"
103.21.244.0 - alice [07/May/2026:18:37:22 +0000] "GET /login HTTP/1.1" 200 14579 "https://example.com" "Wget/1.21.1"
198.51.100.1 - alice [07/May/2026:14:15:44 +0000] "GET /dashboard HTTP/1.1" 200 38968 "https://example.com" "Mozilla/5.0"
198.51.100.1 - dave [24/Apr/2026:17:16:52 +0000] "GET /api/v1/orders HTTP/1.1" 200 11705 "https://example.com" "Wget/1.21.1"
192.168.1.10 - - [11/May/2026:14:14:50 +0000] "GET /../etc/passwd HTTP/1.1" 400 21940 "https://example.com" "curl/7.68.0"
10.0.0.22 - bob [20/Apr/2026:15:54:13 +0000] "GET /api/v1/users HTTP/1.1" 200 1636 "https://example.com" "curl/7.68.0"
103.21.244.0 - alice [18/Apr/2026:17:58:31 +0000] "GET / HTTP/1.1" 200 46372 "https://example.com" "Wget/1.21.1"
103.21.244.0 - - [02/May/2026:12:32:56 +0000] "GET /dashboard HTTP/1.1" 301 42094 "https://example.com" "Wget/1.21.1"
198.51.100.1 - alice [20/Apr/2026:04:08:08 +0000] "GET /api/v1/users HTTP/1.1" 200 43816 "https://example.com" "curl/7.68.0"
45.33.32.156 - bob [18/Apr/2026:23:34:56 +0000] "GET /admin HTTP/1.1" 500 37390 "https://example.com" "Mozilla/5.0"
10.0.0.22 - dave [02/May/2026:02:38:24 +0000] "GET /api/v1/orders HTTP/1.1" 200 21903 "https://example.com" "Mozilla/5.0"
172.16.5.4 - bob [02/May/2026:16:12:08 +0000] "GET /dashboard HTTP/1.1" 200 29470 "https://example.com" "Mozilla/5.0"
203.0.113.77 - alice [04/May/2026:23:48:42 +0000] "GET / HTTP/1.1" 200 3355 "https://example.com" "Wget/1.21.1"
80.82.77.33 - carol [07/May/2026:08:21:08 +0000] "GET /login HTTP/1.1" 301 6847 "https://example.com" "Wget/1.21.1"
103.21.244.0 - alice [07/May/2026:07:48:13 +0000] "GET /api/v1/users HTTP/1.1" 200 21087 "https://example.com" "python-requests/2.25.1"
192.168.1.15 - - [02/May/2026:15:56:40 +0000] "GET /admin HTTP/1.1" 400 22347 "https://example.com" "Wget/1.21.1"
192.168.1.10 - carol [12/Apr/2026:01:42:26 +0000] "GET /index.html HTTP/1.1" 200 6836 "https://example.com" "python-requests/2.25.1"
172.16.5.4 - alice [28/Apr/2026:23:17:18 +0000] "GET /login HTTP/1.1" 200 43492 "https://example.com" "python-requests/2.25.1"
203.0.113.77 - alice [09/May/2026:20:27:28 +0000] "GET /api/v1/orders HTTP/1.1" 200 3772 "https://example.com" "python-requests/2.25.1"
192.168.1.10 - carol [10/May/2026:12:00:22 +0000] "GET /api/v1/orders HTTP/1.1" 200 6556 "https://example.com" "Mozilla/5.0"
172.16.5.4 - alice [22/Apr/2026:12:47:34 +0000] "GET /api/v1/users HTTP/1.1" 301 31063 "https://example.com" "Wget/1.21.1"
203.0.113.77 - - [22/Apr/2026:04:28:53 +0000] "GET /api/v1/orders HTTP/1.1" 200 12427 "https://example.com" "Wget/1.21.1"
192.168.1.10 - bob [28/Apr/2026:07:36:50 +0000] "GET /login HTTP/1.1" 200 10104 "https://example.com" "Mozilla/5.0"
192.168.1.15 - bob [17/Apr/2026:04:26:16 +0000] "GET /login HTTP/1.1" 200 25569 "https://example.com" "Wget/1.21.1"
185.220.101.5 - carol [24/Apr/2026:14:22:45 +0000] "GET /admin HTTP/1.1" 401 8082 "https://example.com" "Wget/1.21.1"
10.0.0.22 - alice [06/May/2026:15:45:02 +0000] "GET /dashboard HTTP/1.1" 301 13432 "https://example.com" "curl/7.68.0"
103.21.244.0 - bob [01/May/2026:21:54:13 +0000] "GET /../etc/passwd HTTP/1.1" 500 36379 "https://example.com" "python-requests/2.25.1"
203.0.113.77 - dave [28/Apr/2026:21:02:20 +0000] "GET /login HTTP/1.1" 301 7574 "https://example.com" "Wget/1.21.1"
10.0.0.22 - alice [24/Apr/2026:03:15:16 +0000] "GET / HTTP/1.1" 200 37076 "https://example.com" "Mozilla/5.0"
203.0.113.77 - dave [14/Apr/2026:09:56:38 +0000] "GET /dashboard HTTP/1.1" 301 37688 "https://example.com" "Wget/1.21.1"
192.168.1.10 - alice [04/May/2026:09:43:25 +0000] "GET /dashboard HTTP/1.1" 301 2741 "https://example.com" "Wget/1.21.1"
198.51.100.1 - alice [10/May/2026:22:22:06 +0000] "GET /api/v1/users HTTP/1.1" 200 22342 "https://example.com" "python-requests/2.25.1"
203.0.113.77 - bob [16/Apr/2026:05:58:20 +0000] "GET /index.html HTTP/1.1" 200 19892 "https://example.com" "Wget/1.21.1"
198.51.100.1 - bob [19/Apr/2026:08:14:23 +0000] "GET /../etc/passwd HTTP/1.1" 401 26884 "https://example.com" "Wget/1.21.1"
185.220.101.5 - bob [16/Apr/2026:20:20:14 +0000] "GET /wp-login.php HTTP/1.1" 500 9089 "https://example.com" "Mozilla/5.0"
10.0.0.22 - alice [14/Apr/2026:15:00:01 +0000] "GET /api/v1/orders HTTP/1.1" 200 23817 "https://example.com" "curl/7.68.0"
203.0.113.77 - bob [16/Apr/2026:07:20:39 +0000] "GET / HTTP/1.1" 200 16055 "https://example.com" "python-requests/2.25.1"
80.82.77.33 - dave [28/Apr/2026:15:57:34 +0000] "GET /api/v1/users HTTP/1.1" 200 10916 "https://example.com" "python-requests/2.25.1"
192.168.1.15 - bob [12/May/2026:09:49:54 +0000] "GET /index.html HTTP/1.1" 200 42626 "https://example.com" "curl/7.68.0"
172.16.5.4 - bob [22/Apr/2026:08:21:03 +0000] "GET /dashboard HTTP/1.1" 200 31270 "https://example.com" "curl/7.68.0"
10.0.0.22 - dave [17/Apr/2026:21:38:48 +0000] "GET /api/v1/users HTTP/1.1" 200 27974 "https://example.com" "Wget/1.21.1"
198.51.100.1 - carol [04/May/2026:15:23:45 +0000] "GET /login HTTP/1.1" 301 38504 "https://example.com" "Mozilla/5.0"
192.168.1.10 - dave [21/Apr/2026:10:17:23 +0000] "GET /api/v1/users HTTP/1.1" 200 45053 "https://example.com" "Mozilla/5.0"
80.82.77.33 - - [02/May/2026:13:12:44 +0000] "GET /api/v1/users HTTP/1.1" 200 12544 "https://example.com" "curl/7.68.0"
185.220.101.5 - alice [14/Apr/2026:20:01:10 +0000] "GET /login HTTP/1.1" 301 43488 "https://example.com" "python-requests/2.25.1"
10.0.0.22 - - [22/Apr/2026:06:34:48 +0000] "GET /api/v1/orders HTTP/1.1" 301 48482 "https://example.com" "Mozilla/5.0"
103.21.244.0 - dave [16/Apr/2026:15:31:18 +0000] "GET /dashboard HTTP/1.1" 301 44231 "https://example.com" "python-requests/2.25.1"
185.220.101.5 - bob [15/Apr/2026:15:59:22 +0000] "GET /index.html HTTP/1.1" 200 6596 "https://example.com" "Wget/1.21.1"
10.0.0.22 - bob [19/Apr/2026:04:04:06 +0000] "GET /dashboard HTTP/1.1" 200 43089 "https://example.com" "Mozilla/5.0"
172.16.5.4 - bob [04/May/2026:21:57:45 +0000] "GET /api/v1/users HTTP/1.1" 200 17276 "https://example.com" "python-requests/2.25.1"
80.82.77.33 - - [27/Apr/2026:19:57:24 +0000] "GET /login HTTP/1.1" 200 31147 "https://example.com" "curl/7.68.0"
185.220.101.5 - - [15/Apr/2026:00:28:31 +0000] "GET / HTTP/1.1" 200 9202 "https://example.com" "curl/7.68.0"
198.51.100.1 - carol [24/Apr/2026:07:43:44 +0000] "GET /index.html HTTP/1.1" 200 32154 "https://example.com" "python-requests/2.25.1"
10.0.0.22 - bob [22/Apr/2026:20:52:36 +0000] "GET /index.html HTTP/1.1" 200 32284 "https://example.com" "Mozilla/5.0"
10.0.0.22 - dave [29/Apr/2026:01:25:39 +0000] "GET /api/v1/orders HTTP/1.1" 301 505 "https://example.com" "Mozilla/5.0"
185.220.101.5 - alice [19/Apr/2026:10:52:07 +0000] "GET /login HTTP/1.1" 200 1374 "https://example.com" "Mozilla/5.0"
172.16.5.4 - alice [20/Apr/2026:10:33:56 +0000] "GET /phpmyadmin HTTP/1.1" 403 11145 "https://example.com" "Mozilla/5.0"
